Archive member included to satisfy reference by file (symbol)

C:/Users/matin/OneDrive/Desktop/titan/dev/ARM_GC~1/133167~1.3RE/bin/../lib/gcc/arm-none-eabi/13.3.1/thumb/v7e-m+fp/hard\libc_nano.a(libc_a-exit.o)
                              C:/Users/matin/OneDrive/Desktop/titan/dev/ARM_GC~1/133167~1.3RE/bin/../lib/gcc/arm-none-eabi/13.3.1/thumb/v7e-m+fp/hard/crt0.o (exit)
C:/Users/matin/OneDrive/Desktop/titan/dev/ARM_GC~1/133167~1.3RE/bin/../lib/gcc/arm-none-eabi/13.3.1/thumb/v7e-m+fp/hard\libc_nano.a(libc_a-findfp.o)
                              C:/Users/matin/OneDrive/Desktop/titan/dev/ARM_GC~1/133167~1.3RE/bin/../lib/gcc/arm-none-eabi/13.3.1/thumb/v7e-m+fp/hard\libc_nano.a(libc_a-exit.o) (__stdio_exit_handler)
C:/Users/matin/OneDrive/Desktop/titan/dev/ARM_GC~1/133167~1.3RE/bin/../lib/gcc/arm-none-eabi/13.3.1/thumb/v7e-m+fp/hard\libc_nano.a(libc_a-fwalk.o)
                              C:/Users/matin/OneDrive/Desktop/titan/dev/ARM_GC~1/133167~1.3RE/bin/../lib/gcc/arm-none-eabi/13.3.1/thumb/v7e-m+fp/hard\libc_nano.a(libc_a-findfp.o) (_fwalk_sglue)
C:/Users/matin/OneDrive/Desktop/titan/dev/ARM_GC~1/133167~1.3RE/bin/../lib/gcc/arm-none-eabi/13.3.1/thumb/v7e-m+fp/hard\libc_nano.a(libc_a-stdio.o)
                              C:/Users/matin/OneDrive/Desktop/titan/dev/ARM_GC~1/133167~1.3RE/bin/../lib/gcc/arm-none-eabi/13.3.1/thumb/v7e-m+fp/hard\libc_nano.a(libc_a-findfp.o) (__sread)
C:/Users/matin/OneDrive/Desktop/titan/dev/ARM_GC~1/133167~1.3RE/bin/../lib/gcc/arm-none-eabi/13.3.1/thumb/v7e-m+fp/hard\libc_nano.a(libc_a-memset.o)
                              C:/Users/matin/OneDrive/Desktop/titan/dev/ARM_GC~1/133167~1.3RE/bin/../lib/gcc/arm-none-eabi/13.3.1/thumb/v7e-m+fp/hard/crt0.o (memset)
C:/Users/matin/OneDrive/Desktop/titan/dev/ARM_GC~1/133167~1.3RE/bin/../lib/gcc/arm-none-eabi/13.3.1/thumb/v7e-m+fp/hard\libc_nano.a(libc_a-closer.o)
                              C:/Users/matin/OneDrive/Desktop/titan/dev/ARM_GC~1/133167~1.3RE/bin/../lib/gcc/arm-none-eabi/13.3.1/thumb/v7e-m+fp/hard\libc_nano.a(libc_a-stdio.o) (_close_r)
C:/Users/matin/OneDrive/Desktop/titan/dev/ARM_GC~1/133167~1.3RE/bin/../lib/gcc/arm-none-eabi/13.3.1/thumb/v7e-m+fp/hard\libc_nano.a(libc_a-reent.o)
                              C:/Users/matin/OneDrive/Desktop/titan/dev/ARM_GC~1/133167~1.3RE/bin/../lib/gcc/arm-none-eabi/13.3.1/thumb/v7e-m+fp/hard\libc_nano.a(libc_a-closer.o) (errno)
C:/Users/matin/OneDrive/Desktop/titan/dev/ARM_GC~1/133167~1.3RE/bin/../lib/gcc/arm-none-eabi/13.3.1/thumb/v7e-m+fp/hard\libc_nano.a(libc_a-impure.o)
                              C:/Users/matin/OneDrive/Desktop/titan/dev/ARM_GC~1/133167~1.3RE/bin/../lib/gcc/arm-none-eabi/13.3.1/thumb/v7e-m+fp/hard\libc_nano.a(libc_a-reent.o) (_impure_ptr)
C:/Users/matin/OneDrive/Desktop/titan/dev/ARM_GC~1/133167~1.3RE/bin/../lib/gcc/arm-none-eabi/13.3.1/thumb/v7e-m+fp/hard\libc_nano.a(libc_a-lseekr.o)
                              C:/Users/matin/OneDrive/Desktop/titan/dev/ARM_GC~1/133167~1.3RE/bin/../lib/gcc/arm-none-eabi/13.3.1/thumb/v7e-m+fp/hard\libc_nano.a(libc_a-stdio.o) (_lseek_r)
C:/Users/matin/OneDrive/Desktop/titan/dev/ARM_GC~1/133167~1.3RE/bin/../lib/gcc/arm-none-eabi/13.3.1/thumb/v7e-m+fp/hard\libc_nano.a(libc_a-readr.o)
                              C:/Users/matin/OneDrive/Desktop/titan/dev/ARM_GC~1/133167~1.3RE/bin/../lib/gcc/arm-none-eabi/13.3.1/thumb/v7e-m+fp/hard\libc_nano.a(libc_a-stdio.o) (_read_r)
C:/Users/matin/OneDrive/Desktop/titan/dev/ARM_GC~1/133167~1.3RE/bin/../lib/gcc/arm-none-eabi/13.3.1/thumb/v7e-m+fp/hard\libc_nano.a(libc_a-writer.o)
                              C:/Users/matin/OneDrive/Desktop/titan/dev/ARM_GC~1/133167~1.3RE/bin/../lib/gcc/arm-none-eabi/13.3.1/thumb/v7e-m+fp/hard\libc_nano.a(libc_a-stdio.o) (_write_r)
C:/Users/matin/OneDrive/Desktop/titan/dev/ARM_GC~1/133167~1.3RE/bin/../lib/gcc/arm-none-eabi/13.3.1/thumb/v7e-m+fp/hard\libc_nano.a(libc_a-init.o)
                              C:/Users/matin/OneDrive/Desktop/titan/dev/ARM_GC~1/133167~1.3RE/bin/../lib/gcc/arm-none-eabi/13.3.1/thumb/v7e-m+fp/hard/crt0.o (__libc_init_array)
C:/Users/matin/OneDrive/Desktop/titan/dev/ARM_GC~1/133167~1.3RE/bin/../lib/gcc/arm-none-eabi/13.3.1/thumb/v7e-m+fp/hard\libc_nano.a(libc_a-lock.o)
                              C:/Users/matin/OneDrive/Desktop/titan/dev/ARM_GC~1/133167~1.3RE/bin/../lib/gcc/arm-none-eabi/13.3.1/thumb/v7e-m+fp/hard\libc_nano.a(libc_a-findfp.o) (__retarget_lock_init_recursive)
C:/Users/matin/OneDrive/Desktop/titan/dev/ARM_GC~1/133167~1.3RE/bin/../lib/gcc/arm-none-eabi/13.3.1/thumb/v7e-m+fp/hard\libc_nano.a(libc_a-freer.o)
                              C:/Users/matin/OneDrive/Desktop/titan/dev/ARM_GC~1/133167~1.3RE/bin/../lib/gcc/arm-none-eabi/13.3.1/thumb/v7e-m+fp/hard\libc_nano.a(libc_a-reent.o) (_free_r)
C:/Users/matin/OneDrive/Desktop/titan/dev/ARM_GC~1/133167~1.3RE/bin/../lib/gcc/arm-none-eabi/13.3.1/thumb/v7e-m+fp/hard\libc_nano.a(libc_a-mallocr.o)
                              C:/Users/matin/OneDrive/Desktop/titan/dev/ARM_GC~1/133167~1.3RE/bin/../lib/gcc/arm-none-eabi/13.3.1/thumb/v7e-m+fp/hard\libc_nano.a(libc_a-findfp.o) (_malloc_r)
C:/Users/matin/OneDrive/Desktop/titan/dev/ARM_GC~1/133167~1.3RE/bin/../lib/gcc/arm-none-eabi/13.3.1/thumb/v7e-m+fp/hard\libc_nano.a(libc_a-mlock.o)
                              C:/Users/matin/OneDrive/Desktop/titan/dev/ARM_GC~1/133167~1.3RE/bin/../lib/gcc/arm-none-eabi/13.3.1/thumb/v7e-m+fp/hard\libc_nano.a(libc_a-freer.o) (__malloc_lock)
C:/Users/matin/OneDrive/Desktop/titan/dev/ARM_GC~1/133167~1.3RE/bin/../lib/gcc/arm-none-eabi/13.3.1/thumb/v7e-m+fp/hard\libc_nano.a(libc_a-fflush.o)
                              C:/Users/matin/OneDrive/Desktop/titan/dev/ARM_GC~1/133167~1.3RE/bin/../lib/gcc/arm-none-eabi/13.3.1/thumb/v7e-m+fp/hard\libc_nano.a(libc_a-findfp.o) (_fflush_r)
C:/Users/matin/OneDrive/Desktop/titan/dev/ARM_GC~1/133167~1.3RE/bin/../lib/gcc/arm-none-eabi/13.3.1/thumb/v7e-m+fp/hard\libc_nano.a(libc_a-sbrkr.o)
                              C:/Users/matin/OneDrive/Desktop/titan/dev/ARM_GC~1/133167~1.3RE/bin/../lib/gcc/arm-none-eabi/13.3.1/thumb/v7e-m+fp/hard\libc_nano.a(libc_a-mallocr.o) (_sbrk_r)
C:/Users/matin/OneDrive/Desktop/titan/dev/ARM_GC~1/133167~1.3RE/bin/../lib/gcc/arm-none-eabi/13.3.1/thumb/v7e-m+fp/hard\libnosys.a(close.o)
                              C:/Users/matin/OneDrive/Desktop/titan/dev/ARM_GC~1/133167~1.3RE/bin/../lib/gcc/arm-none-eabi/13.3.1/thumb/v7e-m+fp/hard\libc_nano.a(libc_a-closer.o) (_close)
C:/Users/matin/OneDrive/Desktop/titan/dev/ARM_GC~1/133167~1.3RE/bin/../lib/gcc/arm-none-eabi/13.3.1/thumb/v7e-m+fp/hard\libnosys.a(lseek.o)
                              C:/Users/matin/OneDrive/Desktop/titan/dev/ARM_GC~1/133167~1.3RE/bin/../lib/gcc/arm-none-eabi/13.3.1/thumb/v7e-m+fp/hard\libc_nano.a(libc_a-lseekr.o) (_lseek)
C:/Users/matin/OneDrive/Desktop/titan/dev/ARM_GC~1/133167~1.3RE/bin/../lib/gcc/arm-none-eabi/13.3.1/thumb/v7e-m+fp/hard\libnosys.a(read.o)
                              C:/Users/matin/OneDrive/Desktop/titan/dev/ARM_GC~1/133167~1.3RE/bin/../lib/gcc/arm-none-eabi/13.3.1/thumb/v7e-m+fp/hard\libc_nano.a(libc_a-readr.o) (_read)
C:/Users/matin/OneDrive/Desktop/titan/dev/ARM_GC~1/133167~1.3RE/bin/../lib/gcc/arm-none-eabi/13.3.1/thumb/v7e-m+fp/hard\libnosys.a(sbrk.o)
                              C:/Users/matin/OneDrive/Desktop/titan/dev/ARM_GC~1/133167~1.3RE/bin/../lib/gcc/arm-none-eabi/13.3.1/thumb/v7e-m+fp/hard\libc_nano.a(libc_a-sbrkr.o) (_sbrk)
C:/Users/matin/OneDrive/Desktop/titan/dev/ARM_GC~1/133167~1.3RE/bin/../lib/gcc/arm-none-eabi/13.3.1/thumb/v7e-m+fp/hard\libnosys.a(write.o)
                              C:/Users/matin/OneDrive/Desktop/titan/dev/ARM_GC~1/133167~1.3RE/bin/../lib/gcc/arm-none-eabi/13.3.1/thumb/v7e-m+fp/hard\libc_nano.a(libc_a-writer.o) (_write)
C:/Users/matin/OneDrive/Desktop/titan/dev/ARM_GC~1/133167~1.3RE/bin/../lib/gcc/arm-none-eabi/13.3.1/thumb/v7e-m+fp/hard\libnosys.a(_exit.o)
                              C:/Users/matin/OneDrive/Desktop/titan/dev/ARM_GC~1/133167~1.3RE/bin/../lib/gcc/arm-none-eabi/13.3.1/thumb/v7e-m+fp/hard\libc_nano.a(libc_a-exit.o) (_exit)

Discarded input sections

 .text          0x00000000        0x0 C:/Users/matin/OneDrive/Desktop/titan/dev/ARM_GC~1/133167~1.3RE/bin/../lib/gcc/arm-none-eabi/13.3.1/thumb/v7e-m+fp/hard/crti.o
 .data          0x00000000        0x0 C:/Users/matin/OneDrive/Desktop/titan/dev/ARM_GC~1/133167~1.3RE/bin/../lib/gcc/arm-none-eabi/13.3.1/thumb/v7e-m+fp/hard/crti.o
 .bss           0x00000000        0x0 C:/Users/matin/OneDrive/Desktop/titan/dev/ARM_GC~1/133167~1.3RE/bin/../lib/gcc/arm-none-eabi/13.3.1/thumb/v7e-m+fp/hard/crti.o
 .text          0x00000000        0x0 C:/Users/matin/OneDrive/Desktop/titan/dev/ARM_GC~1/133167~1.3RE/bin/../lib/gcc/arm-none-eabi/13.3.1/thumb/v7e-m+fp/hard/crtbegin.o
 .data          0x00000000        0x0 C:/Users/matin/OneDrive/Desktop/titan/dev/ARM_GC~1/133167~1.3RE/bin/../lib/gcc/arm-none-eabi/13.3.1/thumb/v7e-m+fp/hard/crtbegin.o
 .bss           0x00000000        0x0 C:/Users/matin/OneDrive/Desktop/titan/dev/ARM_GC~1/133167~1.3RE/bin/../lib/gcc/arm-none-eabi/13.3.1/thumb/v7e-m+fp/hard/crtbegin.o
 .rodata.all_implied_fbits
                0x00000000       0x24 C:/Users/matin/OneDrive/Desktop/titan/dev/ARM_GC~1/133167~1.3RE/bin/../lib/gcc/arm-none-eabi/13.3.1/thumb/v7e-m+fp/hard/crtbegin.o
 .data.__dso_handle
                0x00000000        0x4 C:/Users/matin/OneDrive/Desktop/titan/dev/ARM_GC~1/133167~1.3RE/bin/../lib/gcc/arm-none-eabi/13.3.1/thumb/v7e-m+fp/hard/crtbegin.o
 .text          0x00000000       0x7c C:/Users/matin/OneDrive/Desktop/titan/dev/ARM_GC~1/133167~1.3RE/bin/../lib/gcc/arm-none-eabi/13.3.1/thumb/v7e-m+fp/hard/crt0.o
 .data          0x00000000        0x0 C:/Users/matin/OneDrive/Desktop/titan/dev/ARM_GC~1/133167~1.3RE/bin/../lib/gcc/arm-none-eabi/13.3.1/thumb/v7e-m+fp/hard/crt0.o
 .bss           0x00000000        0x0 C:/Users/matin/OneDrive/Desktop/titan/dev/ARM_GC~1/133167~1.3RE/bin/../lib/gcc/arm-none-eabi/13.3.1/thumb/v7e-m+fp/hard/crt0.o
 .ARM.extab     0x00000000        0x0 C:/Users/matin/OneDrive/Desktop/titan/dev/ARM_GC~1/133167~1.3RE/bin/../lib/gcc/arm-none-eabi/13.3.1/thumb/v7e-m+fp/hard/crt0.o
 .ARM.exidx     0x00000000       0x10 C:/Users/matin/OneDrive/Desktop/titan/dev/ARM_GC~1/133167~1.3RE/bin/../lib/gcc/arm-none-eabi/13.3.1/thumb/v7e-m+fp/hard/crt0.o
 .debug_line_str
                0x00000000       0xd6 C:/Users/matin/OneDrive/Desktop/titan/dev/ARM_GC~1/133167~1.3RE/bin/../lib/gcc/arm-none-eabi/13.3.1/thumb/v7e-m+fp/hard/crt0.o
 .ARM.attributes
                0x00000000       0x20 C:/Users/matin/OneDrive/Desktop/titan/dev/ARM_GC~1/133167~1.3RE/bin/../lib/gcc/arm-none-eabi/13.3.1/thumb/v7e-m+fp/hard/crt0.o
 .text          0x00000000        0x0 C:/Users/matin/OneDrive/Desktop/titan/dev/ARM_GC~1/133167~1.3RE/bin/../lib/gcc/arm-none-eabi/13.3.1/thumb/v7e-m+fp/hard\libc_nano.a(libc_a-exit.o)
 .data          0x00000000        0x0 C:/Users/matin/OneDrive/Desktop/titan/dev/ARM_GC~1/133167~1.3RE/bin/../lib/gcc/arm-none-eabi/13.3.1/thumb/v7e-m+fp/hard\libc_nano.a(libc_a-exit.o)
 .bss           0x00000000        0x0 C:/Users/matin/OneDrive/Desktop/titan/dev/ARM_GC~1/133167~1.3RE/bin/../lib/gcc/arm-none-eabi/13.3.1/thumb/v7e-m+fp/hard\libc_nano.a(libc_a-exit.o)
 .text.exit     0x00000000       0x24 C:/Users/matin/OneDrive/Desktop/titan/dev/ARM_GC~1/133167~1.3RE/bin/../lib/gcc/arm-none-eabi/13.3.1/thumb/v7e-m+fp/hard\libc_nano.a(libc_a-exit.o)
 .debug_frame   0x00000000       0x28 C:/Users/matin/OneDrive/Desktop/titan/dev/ARM_GC~1/133167~1.3RE/bin/../lib/gcc/arm-none-eabi/13.3.1/thumb/v7e-m+fp/hard\libc_nano.a(libc_a-exit.o)
 .ARM.attributes
                0x00000000       0x34 C:/Users/matin/OneDrive/Desktop/titan/dev/ARM_GC~1/133167~1.3RE/bin/../lib/gcc/arm-none-eabi/13.3.1/thumb/v7e-m+fp/hard\libc_nano.a(libc_a-exit.o)
 .text          0x00000000        0x0 C:/Users/matin/OneDrive/Desktop/titan/dev/ARM_GC~1/133167~1.3RE/bin/../lib/gcc/arm-none-eabi/13.3.1/thumb/v7e-m+fp/hard\libc_nano.a(libc_a-findfp.o)
 .data          0x00000000        0x0 C:/Users/matin/OneDrive/Desktop/titan/dev/ARM_GC~1/133167~1.3RE/bin/../lib/gcc/arm-none-eabi/13.3.1/thumb/v7e-m+fp/hard\libc_nano.a(libc_a-findfp.o)
 .bss           0x00000000        0x0 C:/Users/matin/OneDrive/Desktop/titan/dev/ARM_GC~1/133167~1.3RE/bin/../lib/gcc/arm-none-eabi/13.3.1/thumb/v7e-m+fp/hard\libc_nano.a(libc_a-findfp.o)
 .text.std      0x00000000       0x6c C:/Users/matin/OneDrive/Desktop/titan/dev/ARM_GC~1/133167~1.3RE/bin/../lib/gcc/arm-none-eabi/13.3.1/thumb/v7e-m+fp/hard\libc_nano.a(libc_a-findfp.o)
 .text.stdio_exit_handler
                0x00000000       0x18 C:/Users/matin/OneDrive/Desktop/titan/dev/ARM_GC~1/133167~1.3RE/bin/../lib/gcc/arm-none-eabi/13.3.1/thumb/v7e-m+fp/hard\libc_nano.a(libc_a-findfp.o)
 .text.cleanup_stdio
                0x00000000       0x40 C:/Users/matin/OneDrive/Desktop/titan/dev/ARM_GC~1/133167~1.3RE/bin/../lib/gcc/arm-none-eabi/13.3.1/thumb/v7e-m+fp/hard\libc_nano.a(libc_a-findfp.o)
 .text.__fp_lock
                0x00000000       0x18 C:/Users/matin/OneDrive/Desktop/titan/dev/ARM_GC~1/133167~1.3RE/bin/../lib/gcc/arm-none-eabi/13.3.1/thumb/v7e-m+fp/hard\libc_nano.a(libc_a-findfp.o)
 .text.__fp_unlock
                0x00000000       0x18 C:/Users/matin/OneDrive/Desktop/titan/dev/ARM_GC~1/133167~1.3RE/bin/../lib/gcc/arm-none-eabi/13.3.1/thumb/v7e-m+fp/hard\libc_nano.a(libc_a-findfp.o)
 .text.global_stdio_init.part.0
                0x00000000       0x3c C:/Users/matin/OneDrive/Desktop/titan/dev/ARM_GC~1/133167~1.3RE/bin/../lib/gcc/arm-none-eabi/13.3.1/thumb/v7e-m+fp/hard\libc_nano.a(libc_a-findfp.o)
 .text.__sfp_lock_acquire
                0x00000000        0xc C:/Users/matin/OneDrive/Desktop/titan/dev/ARM_GC~1/133167~1.3RE/bin/../lib/gcc/arm-none-eabi/13.3.1/thumb/v7e-m+fp/hard\libc_nano.a(libc_a-findfp.o)
 .text.__sfp_lock_release
                0x00000000        0xc C:/Users/matin/OneDrive/Desktop/titan/dev/ARM_GC~1/133167~1.3RE/bin/../lib/gcc/arm-none-eabi/13.3.1/thumb/v7e-m+fp/hard\libc_nano.a(libc_a-findfp.o)
 .text.__sfp    0x00000000       0xa4 C:/Users/matin/OneDrive/Desktop/titan/dev/ARM_GC~1/133167~1.3RE/bin/../lib/gcc/arm-none-eabi/13.3.1/thumb/v7e-m+fp/hard\libc_nano.a(libc_a-findfp.o)
 .text.__sinit  0x00000000       0x30 C:/Users/matin/OneDrive/Desktop/titan/dev/ARM_GC~1/133167~1.3RE/bin/../lib/gcc/arm-none-eabi/13.3.1/thumb/v7e-m+fp/hard\libc_nano.a(libc_a-findfp.o)
 .text.__fp_lock_all
                0x00000000       0x1c C:/Users/matin/OneDrive/Desktop/titan/dev/ARM_GC~1/133167~1.3RE/bin/../lib/gcc/arm-none-eabi/13.3.1/thumb/v7e-m+fp/hard\libc_nano.a(libc_a-findfp.o)
 .text.__fp_unlock_all
                0x00000000       0x1c C:/Users/matin/OneDrive/Desktop/titan/dev/ARM_GC~1/133167~1.3RE/bin/../lib/gcc/arm-none-eabi/13.3.1/thumb/v7e-m+fp/hard\libc_nano.a(libc_a-findfp.o)
 .data.__sglue  0x00000000        0xc C:/Users/matin/OneDrive/Desktop/titan/dev/ARM_GC~1/133167~1.3RE/bin/../lib/gcc/arm-none-eabi/13.3.1/thumb/v7e-m+fp/hard\libc_nano.a(libc_a-findfp.o)
 .bss.__sf      0x00000000      0x138 C:/Users/matin/OneDrive/Desktop/titan/dev/ARM_GC~1/133167~1.3RE/bin/../lib/gcc/arm-none-eabi/13.3.1/thumb/v7e-m+fp/hard\libc_nano.a(libc_a-findfp.o)
 .bss.__stdio_exit_handler
                0x00000000        0x4 C:/Users/matin/OneDrive/Desktop/titan/dev/ARM_GC~1/133167~1.3RE/bin/../lib/gcc/arm-none-eabi/13.3.1/thumb/v7e-m+fp/hard\libc_nano.a(libc_a-findfp.o)
 .debug_frame   0x00000000      0x144 C:/Users/matin/OneDrive/Desktop/titan/dev/ARM_GC~1/133167~1.3RE/bin/../lib/gcc/arm-none-eabi/13.3.1/thumb/v7e-m+fp/hard\libc_nano.a(libc_a-findfp.o)
 .ARM.attributes
                0x00000000       0x34 C:/Users/matin/OneDrive/Desktop/titan/dev/ARM_GC~1/133167~1.3RE/bin/../lib/gcc/arm-none-eabi/13.3.1/thumb/v7e-m+fp/hard\libc_nano.a(libc_a-findfp.o)
 .text          0x00000000        0x0 C:/Users/matin/OneDrive/Desktop/titan/dev/ARM_GC~1/133167~1.3RE/bin/../lib/gcc/arm-none-eabi/13.3.1/thumb/v7e-m+fp/hard\libc_nano.a(libc_a-fwalk.o)
 .data          0x00000000        0x0 C:/Users/matin/OneDrive/Desktop/titan/dev/ARM_GC~1/133167~1.3RE/bin/../lib/gcc/arm-none-eabi/13.3.1/thumb/v7e-m+fp/hard\libc_nano.a(libc_a-fwalk.o)
 .bss           0x00000000        0x0 C:/Users/matin/OneDrive/Desktop/titan/dev/ARM_GC~1/133167~1.3RE/bin/../lib/gcc/arm-none-eabi/13.3.1/thumb/v7e-m+fp/hard\libc_nano.a(libc_a-fwalk.o)
 .text._fwalk_sglue
                0x00000000       0x3c C:/Users/matin/OneDrive/Desktop/titan/dev/ARM_GC~1/133167~1.3RE/bin/../lib/gcc/arm-none-eabi/13.3.1/thumb/v7e-m+fp/hard\libc_nano.a(libc_a-fwalk.o)
 .debug_frame   0x00000000       0x34 C:/Users/matin/OneDrive/Desktop/titan/dev/ARM_GC~1/133167~1.3RE/bin/../lib/gcc/arm-none-eabi/13.3.1/thumb/v7e-m+fp/hard\libc_nano.a(libc_a-fwalk.o)
 .ARM.attributes
                0x00000000       0x34 C:/Users/matin/OneDrive/Desktop/titan/dev/ARM_GC~1/133167~1.3RE/bin/../lib/gcc/arm-none-eabi/13.3.1/thumb/v7e-m+fp/hard\libc_nano.a(libc_a-fwalk.o)
 .text          0x00000000        0x0 C:/Users/matin/OneDrive/Desktop/titan/dev/ARM_GC~1/133167~1.3RE/bin/../lib/gcc/arm-none-eabi/13.3.1/thumb/v7e-m+fp/hard\libc_nano.a(libc_a-stdio.o)
 .data          0x00000000        0x0 C:/Users/matin/OneDrive/Desktop/titan/dev/ARM_GC~1/133167~1.3RE/bin/../lib/gcc/arm-none-eabi/13.3.1/thumb/v7e-m+fp/hard\libc_nano.a(libc_a-stdio.o)
 .bss           0x00000000        0x0 C:/Users/matin/OneDrive/Desktop/titan/dev/ARM_GC~1/133167~1.3RE/bin/../lib/gcc/arm-none-eabi/13.3.1/thumb/v7e-m+fp/hard\libc_nano.a(libc_a-stdio.o)
 .text.__sread  0x00000000       0x22 C:/Users/matin/OneDrive/Desktop/titan/dev/ARM_GC~1/133167~1.3RE/bin/../lib/gcc/arm-none-eabi/13.3.1/thumb/v7e-m+fp/hard\libc_nano.a(libc_a-stdio.o)
 .text.__seofread
                0x00000000        0x4 C:/Users/matin/OneDrive/Desktop/titan/dev/ARM_GC~1/133167~1.3RE/bin/../lib/gcc/arm-none-eabi/13.3.1/thumb/v7e-m+fp/hard\libc_nano.a(libc_a-stdio.o)
 .text.__swrite
                0x00000000       0x38 C:/Users/matin/OneDrive/Desktop/titan/dev/ARM_GC~1/133167~1.3RE/bin/../lib/gcc/arm-none-eabi/13.3.1/thumb/v7e-m+fp/hard\libc_nano.a(libc_a-stdio.o)
 .text.__sseek  0x00000000       0x24 C:/Users/matin/OneDrive/Desktop/titan/dev/ARM_GC~1/133167~1.3RE/bin/../lib/gcc/arm-none-eabi/13.3.1/thumb/v7e-m+fp/hard\libc_nano.a(libc_a-stdio.o)
 .text.__sclose
                0x00000000        0x8 C:/Users/matin/OneDrive/Desktop/titan/dev/ARM_GC~1/133167~1.3RE/bin/../lib/gcc/arm-none-eabi/13.3.1/thumb/v7e-m+fp/hard\libc_nano.a(libc_a-stdio.o)
 .debug_frame   0x00000000       0x88 C:/Users/matin/OneDrive/Desktop/titan/dev/ARM_GC~1/133167~1.3RE/bin/../lib/gcc/arm-none-eabi/13.3.1/thumb/v7e-m+fp/hard\libc_nano.a(libc_a-stdio.o)
 .ARM.attributes
                0x00000000       0x34 C:/Users/matin/OneDrive/Desktop/titan/dev/ARM_GC~1/133167~1.3RE/bin/../lib/gcc/arm-none-eabi/13.3.1/thumb/v7e-m+fp/hard\libc_nano.a(libc_a-stdio.o)
 .text          0x00000000        0x0 C:/Users/matin/OneDrive/Desktop/titan/dev/ARM_GC~1/133167~1.3RE/bin/../lib/gcc/arm-none-eabi/13.3.1/thumb/v7e-m+fp/hard\libc_nano.a(libc_a-memset.o)
 .data          0x00000000        0x0 C:/Users/matin/OneDrive/Desktop/titan/dev/ARM_GC~1/133167~1.3RE/bin/../lib/gcc/arm-none-eabi/13.3.1/thumb/v7e-m+fp/hard\libc_nano.a(libc_a-memset.o)
 .bss           0x00000000        0x0 C:/Users/matin/OneDrive/Desktop/titan/dev/ARM_GC~1/133167~1.3RE/bin/../lib/gcc/arm-none-eabi/13.3.1/thumb/v7e-m+fp/hard\libc_nano.a(libc_a-memset.o)
 .text.memset   0x00000000       0x10 C:/Users/matin/OneDrive/Desktop/titan/dev/ARM_GC~1/133167~1.3RE/bin/../lib/gcc/arm-none-eabi/13.3.1/thumb/v7e-m+fp/hard\libc_nano.a(libc_a-memset.o)
 .debug_frame   0x00000000       0x20 C:/Users/matin/OneDrive/Desktop/titan/dev/ARM_GC~1/133167~1.3RE/bin/../lib/gcc/arm-none-eabi/13.3.1/thumb/v7e-m+fp/hard\libc_nano.a(libc_a-memset.o)
 .ARM.attributes
                0x00000000       0x34 C:/Users/matin/OneDrive/Desktop/titan/dev/ARM_GC~1/133167~1.3RE/bin/../lib/gcc/arm-none-eabi/13.3.1/thumb/v7e-m+fp/hard\libc_nano.a(libc_a-memset.o)
 .text          0x00000000        0x0 C:/Users/matin/OneDrive/Desktop/titan/dev/ARM_GC~1/133167~1.3RE/bin/../lib/gcc/arm-none-eabi/13.3.1/thumb/v7e-m+fp/hard\libc_nano.a(libc_a-closer.o)
 .data          0x00000000        0x0 C:/Users/matin/OneDrive/Desktop/titan/dev/ARM_GC~1/133167~1.3RE/bin/../lib/gcc/arm-none-eabi/13.3.1/thumb/v7e-m+fp/hard\libc_nano.a(libc_a-closer.o)
 .bss           0x00000000        0x0 C:/Users/matin/OneDrive/Desktop/titan/dev/ARM_GC~1/133167~1.3RE/bin/../lib/gcc/arm-none-eabi/13.3.1/thumb/v7e-m+fp/hard\libc_nano.a(libc_a-closer.o)
 .text._close_r
                0x00000000       0x20 C:/Users/matin/OneDrive/Desktop/titan/dev/ARM_GC~1/133167~1.3RE/bin/../lib/gcc/arm-none-eabi/13.3.1/thumb/v7e-m+fp/hard\libc_nano.a(libc_a-closer.o)
 .debug_frame   0x00000000       0x2c C:/Users/matin/OneDrive/Desktop/titan/dev/ARM_GC~1/133167~1.3RE/bin/../lib/gcc/arm-none-eabi/13.3.1/thumb/v7e-m+fp/hard\libc_nano.a(libc_a-closer.o)
 .ARM.attributes
                0x00000000       0x34 C:/Users/matin/OneDrive/Desktop/titan/dev/ARM_GC~1/133167~1.3RE/bin/../lib/gcc/arm-none-eabi/13.3.1/thumb/v7e-m+fp/hard\libc_nano.a(libc_a-closer.o)
 .text          0x00000000        0x0 C:/Users/matin/OneDrive/Desktop/titan/dev/ARM_GC~1/133167~1.3RE/bin/../lib/gcc/arm-none-eabi/13.3.1/thumb/v7e-m+fp/hard\libc_nano.a(libc_a-reent.o)
 .data          0x00000000        0x0 C:/Users/matin/OneDrive/Desktop/titan/dev/ARM_GC~1/133167~1.3RE/bin/../lib/gcc/arm-none-eabi/13.3.1/thumb/v7e-m+fp/hard\libc_nano.a(libc_a-reent.o)
 .bss           0x00000000        0x0 C:/Users/matin/OneDrive/Desktop/titan/dev/ARM_GC~1/133167~1.3RE/bin/../lib/gcc/arm-none-eabi/13.3.1/thumb/v7e-m+fp/hard\libc_nano.a(libc_a-reent.o)
 .text._reclaim_reent
                0x00000000       0xbc C:/Users/matin/OneDrive/Desktop/titan/dev/ARM_GC~1/133167~1.3RE/bin/../lib/gcc/arm-none-eabi/13.3.1/thumb/v7e-m+fp/hard\libc_nano.a(libc_a-reent.o)
 .bss.errno     0x00000000        0x4 C:/Users/matin/OneDrive/Desktop/titan/dev/ARM_GC~1/133167~1.3RE/bin/../lib/gcc/arm-none-eabi/13.3.1/thumb/v7e-m+fp/hard\libc_nano.a(libc_a-reent.o)
 .debug_frame   0x00000000       0x38 C:/Users/matin/OneDrive/Desktop/titan/dev/ARM_GC~1/133167~1.3RE/bin/../lib/gcc/arm-none-eabi/13.3.1/thumb/v7e-m+fp/hard\libc_nano.a(libc_a-reent.o)
 .ARM.attributes
                0x00000000       0x34 C:/Users/matin/OneDrive/Desktop/titan/dev/ARM_GC~1/133167~1.3RE/bin/../lib/gcc/arm-none-eabi/13.3.1/thumb/v7e-m+fp/hard\libc_nano.a(libc_a-reent.o)
 .text          0x00000000        0x0 C:/Users/matin/OneDrive/Desktop/titan/dev/ARM_GC~1/133167~1.3RE/bin/../lib/gcc/arm-none-eabi/13.3.1/thumb/v7e-m+fp/hard\libc_nano.a(libc_a-impure.o)
 .data          0x00000000        0x0 C:/Users/matin/OneDrive/Desktop/titan/dev/ARM_GC~1/133167~1.3RE/bin/../lib/gcc/arm-none-eabi/13.3.1/thumb/v7e-m+fp/hard\libc_nano.a(libc_a-impure.o)
 .bss           0x00000000        0x0 C:/Users/matin/OneDrive/Desktop/titan/dev/ARM_GC~1/133167~1.3RE/bin/../lib/gcc/arm-none-eabi/13.3.1/thumb/v7e-m+fp/hard\libc_nano.a(libc_a-impure.o)
 .data._impure_ptr
                0x00000000        0x4 C:/Users/matin/OneDrive/Desktop/titan/dev/ARM_GC~1/133167~1.3RE/bin/../lib/gcc/arm-none-eabi/13.3.1/thumb/v7e-m+fp/hard\libc_nano.a(libc_a-impure.o)
 .data._impure_data
                0x00000000       0x4c C:/Users/matin/OneDrive/Desktop/titan/dev/ARM_GC~1/133167~1.3RE/bin/../lib/gcc/arm-none-eabi/13.3.1/thumb/v7e-m+fp/hard\libc_nano.a(libc_a-impure.o)
 .ARM.attributes
                0x00000000       0x34 C:/Users/matin/OneDrive/Desktop/titan/dev/ARM_GC~1/133167~1.3RE/bin/../lib/gcc/arm-none-eabi/13.3.1/thumb/v7e-m+fp/hard\libc_nano.a(libc_a-impure.o)
 .text          0x00000000        0x0 C:/Users/matin/OneDrive/Desktop/titan/dev/ARM_GC~1/133167~1.3RE/bin/../lib/gcc/arm-none-eabi/13.3.1/thumb/v7e-m+fp/hard\libc_nano.a(libc_a-lseekr.o)
 .data          0x00000000        0x0 C:/Users/matin/OneDrive/Desktop/titan/dev/ARM_GC~1/133167~1.3RE/bin/../lib/gcc/arm-none-eabi/13.3.1/thumb/v7e-m+fp/hard\libc_nano.a(libc_a-lseekr.o)
 .bss           0x00000000        0x0 C:/Users/matin/OneDrive/Desktop/titan/dev/ARM_GC~1/133167~1.3RE/bin/../lib/gcc/arm-none-eabi/13.3.1/thumb/v7e-m+fp/hard\libc_nano.a(libc_a-lseekr.o)
 .text._lseek_r
                0x00000000       0x24 C:/Users/matin/OneDrive/Desktop/titan/dev/ARM_GC~1/133167~1.3RE/bin/../lib/gcc/arm-none-eabi/13.3.1/thumb/v7e-m+fp/hard\libc_nano.a(libc_a-lseekr.o)
 .debug_frame   0x00000000       0x2c C:/Users/matin/OneDrive/Desktop/titan/dev/ARM_GC~1/133167~1.3RE/bin/../lib/gcc/arm-none-eabi/13.3.1/thumb/v7e-m+fp/hard\libc_nano.a(libc_a-lseekr.o)
 .ARM.attributes
                0x00000000       0x34 C:/Users/matin/OneDrive/Desktop/titan/dev/ARM_GC~1/133167~1.3RE/bin/../lib/gcc/arm-none-eabi/13.3.1/thumb/v7e-m+fp/hard\libc_nano.a(libc_a-lseekr.o)
 .text          0x00000000        0x0 C:/Users/matin/OneDrive/Desktop/titan/dev/ARM_GC~1/133167~1.3RE/bin/../lib/gcc/arm-none-eabi/13.3.1/thumb/v7e-m+fp/hard\libc_nano.a(libc_a-readr.o)
 .data          0x00000000        0x0 C:/Users/matin/OneDrive/Desktop/titan/dev/ARM_GC~1/133167~1.3RE/bin/../lib/gcc/arm-none-eabi/13.3.1/thumb/v7e-m+fp/hard\libc_nano.a(libc_a-readr.o)
 .bss           0x00000000        0x0 C:/Users/matin/OneDrive/Desktop/titan/dev/ARM_GC~1/133167~1.3RE/bin/../lib/gcc/arm-none-eabi/13.3.1/thumb/v7e-m+fp/hard\libc_nano.a(libc_a-readr.o)
 .text._read_r  0x00000000       0x24 C:/Users/matin/OneDrive/Desktop/titan/dev/ARM_GC~1/133167~1.3RE/bin/../lib/gcc/arm-none-eabi/13.3.1/thumb/v7e-m+fp/hard\libc_nano.a(libc_a-readr.o)
 .debug_frame   0x00000000       0x2c C:/Users/matin/OneDrive/Desktop/titan/dev/ARM_GC~1/133167~1.3RE/bin/../lib/gcc/arm-none-eabi/13.3.1/thumb/v7e-m+fp/hard\libc_nano.a(libc_a-readr.o)
 .ARM.attributes
                0x00000000       0x34 C:/Users/matin/OneDrive/Desktop/titan/dev/ARM_GC~1/133167~1.3RE/bin/../lib/gcc/arm-none-eabi/13.3.1/thumb/v7e-m+fp/hard\libc_nano.a(libc_a-readr.o)
 .text          0x00000000        0x0 C:/Users/matin/OneDrive/Desktop/titan/dev/ARM_GC~1/133167~1.3RE/bin/../lib/gcc/arm-none-eabi/13.3.1/thumb/v7e-m+fp/hard\libc_nano.a(libc_a-writer.o)
 .data          0x00000000        0x0 C:/Users/matin/OneDrive/Desktop/titan/dev/ARM_GC~1/133167~1.3RE/bin/../lib/gcc/arm-none-eabi/13.3.1/thumb/v7e-m+fp/hard\libc_nano.a(libc_a-writer.o)
 .bss           0x00000000        0x0 C:/Users/matin/OneDrive/Desktop/titan/dev/ARM_GC~1/133167~1.3RE/bin/../lib/gcc/arm-none-eabi/13.3.1/thumb/v7e-m+fp/hard\libc_nano.a(libc_a-writer.o)
 .text._write_r
                0x00000000       0x24 C:/Users/matin/OneDrive/Desktop/titan/dev/ARM_GC~1/133167~1.3RE/bin/../lib/gcc/arm-none-eabi/13.3.1/thumb/v7e-m+fp/hard\libc_nano.a(libc_a-writer.o)
 .debug_frame   0x00000000       0x2c C:/Users/matin/OneDrive/Desktop/titan/dev/ARM_GC~1/133167~1.3RE/bin/../lib/gcc/arm-none-eabi/13.3.1/thumb/v7e-m+fp/hard\libc_nano.a(libc_a-writer.o)
 .ARM.attributes
                0x00000000       0x34 C:/Users/matin/OneDrive/Desktop/titan/dev/ARM_GC~1/133167~1.3RE/bin/../lib/gcc/arm-none-eabi/13.3.1/thumb/v7e-m+fp/hard\libc_nano.a(libc_a-writer.o)
 .text          0x00000000        0x0 C:/Users/matin/OneDrive/Desktop/titan/dev/ARM_GC~1/133167~1.3RE/bin/../lib/gcc/arm-none-eabi/13.3.1/thumb/v7e-m+fp/hard\libc_nano.a(libc_a-init.o)
 .data          0x00000000        0x0 C:/Users/matin/OneDrive/Desktop/titan/dev/ARM_GC~1/133167~1.3RE/bin/../lib/gcc/arm-none-eabi/13.3.1/thumb/v7e-m+fp/hard\libc_nano.a(libc_a-init.o)
 .bss           0x00000000        0x0 C:/Users/matin/OneDrive/Desktop/titan/dev/ARM_GC~1/133167~1.3RE/bin/../lib/gcc/arm-none-eabi/13.3.1/thumb/v7e-m+fp/hard\libc_nano.a(libc_a-init.o)
 .text.__libc_init_array
                0x00000000       0x48 C:/Users/matin/OneDrive/Desktop/titan/dev/ARM_GC~1/133167~1.3RE/bin/../lib/gcc/arm-none-eabi/13.3.1/thumb/v7e-m+fp/hard\libc_nano.a(libc_a-init.o)
 .debug_frame   0x00000000       0x2c C:/Users/matin/OneDrive/Desktop/titan/dev/ARM_GC~1/133167~1.3RE/bin/../lib/gcc/arm-none-eabi/13.3.1/thumb/v7e-m+fp/hard\libc_nano.a(libc_a-init.o)
 .ARM.attributes
                0x00000000       0x34 C:/Users/matin/OneDrive/Desktop/titan/dev/ARM_GC~1/133167~1.3RE/bin/../lib/gcc/arm-none-eabi/13.3.1/thumb/v7e-m+fp/hard\libc_nano.a(libc_a-init.o)
 .text          0x00000000        0x0 C:/Users/matin/OneDrive/Desktop/titan/dev/ARM_GC~1/133167~1.3RE/bin/../lib/gcc/arm-none-eabi/13.3.1/thumb/v7e-m+fp/hard\libc_nano.a(libc_a-lock.o)
 .data          0x00000000        0x0 C:/Users/matin/OneDrive/Desktop/titan/dev/ARM_GC~1/133167~1.3RE/bin/../lib/gcc/arm-none-eabi/13.3.1/thumb/v7e-m+fp/hard\libc_nano.a(libc_a-lock.o)
 .bss           0x00000000        0x0 C:/Users/matin/OneDrive/Desktop/titan/dev/ARM_GC~1/133167~1.3RE/bin/../lib/gcc/arm-none-eabi/13.3.1/thumb/v7e-m+fp/hard\libc_nano.a(libc_a-lock.o)
 .text.__retarget_lock_init
                0x00000000        0x2 C:/Users/matin/OneDrive/Desktop/titan/dev/ARM_GC~1/133167~1.3RE/bin/../lib/gcc/arm-none-eabi/13.3.1/thumb/v7e-m+fp/hard\libc_nano.a(libc_a-lock.o)
 .text.__retarget_lock_init_recursive
                0x00000000        0x2 C:/Users/matin/OneDrive/Desktop/titan/dev/ARM_GC~1/133167~1.3RE/bin/../lib/gcc/arm-none-eabi/13.3.1/thumb/v7e-m+fp/hard\libc_nano.a(libc_a-lock.o)
 .text.__retarget_lock_close
                0x00000000        0x2 C:/Users/matin/OneDrive/Desktop/titan/dev/ARM_GC~1/133167~1.3RE/bin/../lib/gcc/arm-none-eabi/13.3.1/thumb/v7e-m+fp/hard\libc_nano.a(libc_a-lock.o)
 .text.__retarget_lock_close_recursive
                0x00000000        0x2 C:/Users/matin/OneDrive/Desktop/titan/dev/ARM_GC~1/133167~1.3RE/bin/../lib/gcc/arm-none-eabi/13.3.1/thumb/v7e-m+fp/hard\libc_nano.a(libc_a-lock.o)
 .text.__retarget_lock_acquire
                0x00000000        0x2 C:/Users/matin/OneDrive/Desktop/titan/dev/ARM_GC~1/133167~1.3RE/bin/../lib/gcc/arm-none-eabi/13.3.1/thumb/v7e-m+fp/hard\libc_nano.a(libc_a-lock.o)
 .text.__retarget_lock_acquire_recursive
                0x00000000        0x2 C:/Users/matin/OneDrive/Desktop/titan/dev/ARM_GC~1/133167~1.3RE/bin/../lib/gcc/arm-none-eabi/13.3.1/thumb/v7e-m+fp/hard\libc_nano.a(libc_a-lock.o)
 .text.__retarget_lock_try_acquire
                0x00000000        0x4 C:/Users/matin/OneDrive/Desktop/titan/dev/ARM_GC~1/133167~1.3RE/bin/../lib/gcc/arm-none-eabi/13.3.1/thumb/v7e-m+fp/hard\libc_nano.a(libc_a-lock.o)
 .text.__retarget_lock_try_acquire_recursive
                0x00000000        0x4 C:/Users/matin/OneDrive/Desktop/titan/dev/ARM_GC~1/133167~1.3RE/bin/../lib/gcc/arm-none-eabi/13.3.1/thumb/v7e-m+fp/hard\libc_nano.a(libc_a-lock.o)
 .text.__retarget_lock_release
                0x00000000        0x2 C:/Users/matin/OneDrive/Desktop/titan/dev/ARM_GC~1/133167~1.3RE/bin/../lib/gcc/arm-none-eabi/13.3.1/thumb/v7e-m+fp/hard\libc_nano.a(libc_a-lock.o)
 .text.__retarget_lock_release_recursive
                0x00000000        0x2 C:/Users/matin/OneDrive/Desktop/titan/dev/ARM_GC~1/133167~1.3RE/bin/../lib/gcc/arm-none-eabi/13.3.1/thumb/v7e-m+fp/hard\libc_nano.a(libc_a-lock.o)
 .bss.__lock___arc4random_mutex
                0x00000000        0x1 C:/Users/matin/OneDrive/Desktop/titan/dev/ARM_GC~1/133167~1.3RE/bin/../lib/gcc/arm-none-eabi/13.3.1/thumb/v7e-m+fp/hard\libc_nano.a(libc_a-lock.o)
 .bss.__lock___dd_hash_mutex
                0x00000000        0x1 C:/Users/matin/OneDrive/Desktop/titan/dev/ARM_GC~1/133167~1.3RE/bin/../lib/gcc/arm-none-eabi/13.3.1/thumb/v7e-m+fp/hard\libc_nano.a(libc_a-lock.o)
 .bss.__lock___tz_mutex
                0x00000000        0x1 C:/Users/matin/OneDrive/Desktop/titan/dev/ARM_GC~1/133167~1.3RE/bin/../lib/gcc/arm-none-eabi/13.3.1/thumb/v7e-m+fp/hard\libc_nano.a(libc_a-lock.o)
 .bss.__lock___env_recursive_mutex
                0x00000000        0x1 C:/Users/matin/OneDrive/Desktop/titan/dev/ARM_GC~1/133167~1.3RE/bin/../lib/gcc/arm-none-eabi/13.3.1/thumb/v7e-m+fp/hard\libc_nano.a(libc_a-lock.o)
 .bss.__lock___malloc_recursive_mutex
                0x00000000        0x1 C:/Users/matin/OneDrive/Desktop/titan/dev/ARM_GC~1/133167~1.3RE/bin/../lib/gcc/arm-none-eabi/13.3.1/thumb/v7e-m+fp/hard\libc_nano.a(libc_a-lock.o)
 .bss.__lock___at_quick_exit_mutex
                0x00000000        0x1 C:/Users/matin/OneDrive/Desktop/titan/dev/ARM_GC~1/133167~1.3RE/bin/../lib/gcc/arm-none-eabi/13.3.1/thumb/v7e-m+fp/hard\libc_nano.a(libc_a-lock.o)
 .bss.__lock___atexit_recursive_mutex
                0x00000000        0x1 C:/Users/matin/OneDrive/Desktop/titan/dev/ARM_GC~1/133167~1.3RE/bin/../lib/gcc/arm-none-eabi/13.3.1/thumb/v7e-m+fp/hard\libc_nano.a(libc_a-lock.o)
 .bss.__lock___sfp_recursive_mutex
                0x00000000        0x1 C:/Users/matin/OneDrive/Desktop/titan/dev/ARM_GC~1/133167~1.3RE/bin/../lib/gcc/arm-none-eabi/13.3.1/thumb/v7e-m+fp/hard\libc_nano.a(libc_a-lock.o)
 .debug_frame   0x00000000       0xb0 C:/Users/matin/OneDrive/Desktop/titan/dev/ARM_GC~1/133167~1.3RE/bin/../lib/gcc/arm-none-eabi/13.3.1/thumb/v7e-m+fp/hard\libc_nano.a(libc_a-lock.o)
 .ARM.attributes
                0x00000000       0x34 C:/Users/matin/OneDrive/Desktop/titan/dev/ARM_GC~1/133167~1.3RE/bin/../lib/gcc/arm-none-eabi/13.3.1/thumb/v7e-m+fp/hard\libc_nano.a(libc_a-lock.o)
 .text          0x00000000        0x0 C:/Users/matin/OneDrive/Desktop/titan/dev/ARM_GC~1/133167~1.3RE/bin/../lib/gcc/arm-none-eabi/13.3.1/thumb/v7e-m+fp/hard\libc_nano.a(libc_a-freer.o)
 .data          0x00000000        0x0 C:/Users/matin/OneDrive/Desktop/titan/dev/ARM_GC~1/133167~1.3RE/bin/../lib/gcc/arm-none-eabi/13.3.1/thumb/v7e-m+fp/hard\libc_nano.a(libc_a-freer.o)
 .bss           0x00000000        0x0 C:/Users/matin/OneDrive/Desktop/titan/dev/ARM_GC~1/133167~1.3RE/bin/../lib/gcc/arm-none-eabi/13.3.1/thumb/v7e-m+fp/hard\libc_nano.a(libc_a-freer.o)
 .text._free_r  0x00000000       0x94 C:/Users/matin/OneDrive/Desktop/titan/dev/ARM_GC~1/133167~1.3RE/bin/../lib/gcc/arm-none-eabi/13.3.1/thumb/v7e-m+fp/hard\libc_nano.a(libc_a-freer.o)
 .debug_frame   0x00000000       0x38 C:/Users/matin/OneDrive/Desktop/titan/dev/ARM_GC~1/133167~1.3RE/bin/../lib/gcc/arm-none-eabi/13.3.1/thumb/v7e-m+fp/hard\libc_nano.a(libc_a-freer.o)
 .ARM.attributes
                0x00000000       0x34 C:/Users/matin/OneDrive/Desktop/titan/dev/ARM_GC~1/133167~1.3RE/bin/../lib/gcc/arm-none-eabi/13.3.1/thumb/v7e-m+fp/hard\libc_nano.a(libc_a-freer.o)
 .text          0x00000000        0x0 C:/Users/matin/OneDrive/Desktop/titan/dev/ARM_GC~1/133167~1.3RE/bin/../lib/gcc/arm-none-eabi/13.3.1/thumb/v7e-m+fp/hard\libc_nano.a(libc_a-mallocr.o)
 .data          0x00000000        0x0 C:/Users/matin/OneDrive/Desktop/titan/dev/ARM_GC~1/133167~1.3RE/bin/../lib/gcc/arm-none-eabi/13.3.1/thumb/v7e-m+fp/hard\libc_nano.a(libc_a-mallocr.o)
 .bss           0x00000000        0x0 C:/Users/matin/OneDrive/Desktop/titan/dev/ARM_GC~1/133167~1.3RE/bin/../lib/gcc/arm-none-eabi/13.3.1/thumb/v7e-m+fp/hard\libc_nano.a(libc_a-mallocr.o)
 .text.sbrk_aligned
                0x00000000       0x44 C:/Users/matin/OneDrive/Desktop/titan/dev/ARM_GC~1/133167~1.3RE/bin/../lib/gcc/arm-none-eabi/13.3.1/thumb/v7e-m+fp/hard\libc_nano.a(libc_a-mallocr.o)
 .text._malloc_r
                0x00000000      0x100 C:/Users/matin/OneDrive/Desktop/titan/dev/ARM_GC~1/133167~1.3RE/bin/../lib/gcc/arm-none-eabi/13.3.1/thumb/v7e-m+fp/hard\libc_nano.a(libc_a-mallocr.o)
 .bss.__malloc_sbrk_start
                0x00000000        0x4 C:/Users/matin/OneDrive/Desktop/titan/dev/ARM_GC~1/133167~1.3RE/bin/../lib/gcc/arm-none-eabi/13.3.1/thumb/v7e-m+fp/hard\libc_nano.a(libc_a-mallocr.o)
 .bss.__malloc_free_list
                0x00000000        0x4 C:/Users/matin/OneDrive/Desktop/titan/dev/ARM_GC~1/133167~1.3RE/bin/../lib/gcc/arm-none-eabi/13.3.1/thumb/v7e-m+fp/hard\libc_nano.a(libc_a-mallocr.o)
 .debug_frame   0x00000000       0x50 C:/Users/matin/OneDrive/Desktop/titan/dev/ARM_GC~1/133167~1.3RE/bin/../lib/gcc/arm-none-eabi/13.3.1/thumb/v7e-m+fp/hard\libc_nano.a(libc_a-mallocr.o)
 .ARM.attributes
                0x00000000       0x34 C:/Users/matin/OneDrive/Desktop/titan/dev/ARM_GC~1/133167~1.3RE/bin/../lib/gcc/arm-none-eabi/13.3.1/thumb/v7e-m+fp/hard\libc_nano.a(libc_a-mallocr.o)
 .text          0x00000000        0x0 C:/Users/matin/OneDrive/Desktop/titan/dev/ARM_GC~1/133167~1.3RE/bin/../lib/gcc/arm-none-eabi/13.3.1/thumb/v7e-m+fp/hard\libc_nano.a(libc_a-mlock.o)
 .data          0x00000000        0x0 C:/Users/matin/OneDrive/Desktop/titan/dev/ARM_GC~1/133167~1.3RE/bin/../lib/gcc/arm-none-eabi/13.3.1/thumb/v7e-m+fp/hard\libc_nano.a(libc_a-mlock.o)
 .bss           0x00000000        0x0 C:/Users/matin/OneDrive/Desktop/titan/dev/ARM_GC~1/133167~1.3RE/bin/../lib/gcc/arm-none-eabi/13.3.1/thumb/v7e-m+fp/hard\libc_nano.a(libc_a-mlock.o)
 .text.__malloc_lock
                0x00000000        0xc C:/Users/matin/OneDrive/Desktop/titan/dev/ARM_GC~1/133167~1.3RE/bin/../lib/gcc/arm-none-eabi/13.3.1/thumb/v7e-m+fp/hard\libc_nano.a(libc_a-mlock.o)
 .text.__malloc_unlock
                0x00000000        0xc C:/Users/matin/OneDrive/Desktop/titan/dev/ARM_GC~1/133167~1.3RE/bin/../lib/gcc/arm-none-eabi/13.3.1/thumb/v7e-m+fp/hard\libc_nano.a(libc_a-mlock.o)
 .debug_frame   0x00000000       0x30 C:/Users/matin/OneDrive/Desktop/titan/dev/ARM_GC~1/133167~1.3RE/bin/../lib/gcc/arm-none-eabi/13.3.1/thumb/v7e-m+fp/hard\libc_nano.a(libc_a-mlock.o)
 .ARM.attributes
                0x00000000       0x34 C:/Users/matin/OneDrive/Desktop/titan/dev/ARM_GC~1/133167~1.3RE/bin/../lib/gcc/arm-none-eabi/13.3.1/thumb/v7e-m+fp/hard\libc_nano.a(libc_a-mlock.o)
 .text          0x00000000        0x0 C:/Users/matin/OneDrive/Desktop/titan/dev/ARM_GC~1/133167~1.3RE/bin/../lib/gcc/arm-none-eabi/13.3.1/thumb/v7e-m+fp/hard\libc_nano.a(libc_a-fflush.o)
 .data          0x00000000        0x0 C:/Users/matin/OneDrive/Desktop/titan/dev/ARM_GC~1/133167~1.3RE/bin/../lib/gcc/arm-none-eabi/13.3.1/thumb/v7e-m+fp/hard\libc_nano.a(libc_a-fflush.o)
 .bss           0x00000000        0x0 C:/Users/matin/OneDrive/Desktop/titan/dev/ARM_GC~1/133167~1.3RE/bin/../lib/gcc/arm-none-eabi/13.3.1/thumb/v7e-m+fp/hard\libc_nano.a(libc_a-fflush.o)
 .text.__sflush_r
                0x00000000      0x108 C:/Users/matin/OneDrive/Desktop/titan/dev/ARM_GC~1/133167~1.3RE/bin/../lib/gcc/arm-none-eabi/13.3.1/thumb/v7e-m+fp/hard\libc_nano.a(libc_a-fflush.o)
 .text._fflush_r
                0x00000000       0x50 C:/Users/matin/OneDrive/Desktop/titan/dev/ARM_GC~1/133167~1.3RE/bin/../lib/gcc/arm-none-eabi/13.3.1/thumb/v7e-m+fp/hard\libc_nano.a(libc_a-fflush.o)
 .text.fflush   0x00000000       0x28 C:/Users/matin/OneDrive/Desktop/titan/dev/ARM_GC~1/133167~1.3RE/bin/../lib/gcc/arm-none-eabi/13.3.1/thumb/v7e-m+fp/hard\libc_nano.a(libc_a-fflush.o)
 .debug_frame   0x00000000       0x5c C:/Users/matin/OneDrive/Desktop/titan/dev/ARM_GC~1/133167~1.3RE/bin/../lib/gcc/arm-none-eabi/13.3.1/thumb/v7e-m+fp/hard\libc_nano.a(libc_a-fflush.o)
 .ARM.attributes
                0x00000000       0x34 C:/Users/matin/OneDrive/Desktop/titan/dev/ARM_GC~1/133167~1.3RE/bin/../lib/gcc/arm-none-eabi/13.3.1/thumb/v7e-m+fp/hard\libc_nano.a(libc_a-fflush.o)
 .text          0x00000000        0x0 C:/Users/matin/OneDrive/Desktop/titan/dev/ARM_GC~1/133167~1.3RE/bin/../lib/gcc/arm-none-eabi/13.3.1/thumb/v7e-m+fp/hard\libc_nano.a(libc_a-sbrkr.o)
 .data          0x00000000        0x0 C:/Users/matin/OneDrive/Desktop/titan/dev/ARM_GC~1/133167~1.3RE/bin/../lib/gcc/arm-none-eabi/13.3.1/thumb/v7e-m+fp/hard\libc_nano.a(libc_a-sbrkr.o)
 .bss           0x00000000        0x0 C:/Users/matin/OneDrive/Desktop/titan/dev/ARM_GC~1/133167~1.3RE/bin/../lib/gcc/arm-none-eabi/13.3.1/thumb/v7e-m+fp/hard\libc_nano.a(libc_a-sbrkr.o)
 .text._sbrk_r  0x00000000       0x20 C:/Users/matin/OneDrive/Desktop/titan/dev/ARM_GC~1/133167~1.3RE/bin/../lib/gcc/arm-none-eabi/13.3.1/thumb/v7e-m+fp/hard\libc_nano.a(libc_a-sbrkr.o)
 .debug_frame   0x00000000       0x2c C:/Users/matin/OneDrive/Desktop/titan/dev/ARM_GC~1/133167~1.3RE/bin/../lib/gcc/arm-none-eabi/13.3.1/thumb/v7e-m+fp/hard\libc_nano.a(libc_a-sbrkr.o)
 .ARM.attributes
                0x00000000       0x34 C:/Users/matin/OneDrive/Desktop/titan/dev/ARM_GC~1/133167~1.3RE/bin/../lib/gcc/arm-none-eabi/13.3.1/thumb/v7e-m+fp/hard\libc_nano.a(libc_a-sbrkr.o)
 .text          0x00000000        0x0 C:/Users/matin/OneDrive/Desktop/titan/dev/ARM_GC~1/133167~1.3RE/bin/../lib/gcc/arm-none-eabi/13.3.1/thumb/v7e-m+fp/hard\libnosys.a(close.o)
 .data          0x00000000        0x0 C:/Users/matin/OneDrive/Desktop/titan/dev/ARM_GC~1/133167~1.3RE/bin/../lib/gcc/arm-none-eabi/13.3.1/thumb/v7e-m+fp/hard\libnosys.a(close.o)
 .bss           0x00000000        0x0 C:/Users/matin/OneDrive/Desktop/titan/dev/ARM_GC~1/133167~1.3RE/bin/../lib/gcc/arm-none-eabi/13.3.1/thumb/v7e-m+fp/hard\libnosys.a(close.o)
 .text._close   0x00000000       0x10 C:/Users/matin/OneDrive/Desktop/titan/dev/ARM_GC~1/133167~1.3RE/bin/../lib/gcc/arm-none-eabi/13.3.1/thumb/v7e-m+fp/hard\libnosys.a(close.o)
 .gnu.warning._close
                0x00000000        0x0 C:/Users/matin/OneDrive/Desktop/titan/dev/ARM_GC~1/133167~1.3RE/bin/../lib/gcc/arm-none-eabi/13.3.1/thumb/v7e-m+fp/hard\libnosys.a(close.o)
 .debug_frame   0x00000000       0x20 C:/Users/matin/OneDrive/Desktop/titan/dev/ARM_GC~1/133167~1.3RE/bin/../lib/gcc/arm-none-eabi/13.3.1/thumb/v7e-m+fp/hard\libnosys.a(close.o)
 .ARM.attributes
                0x00000000       0x34 C:/Users/matin/OneDrive/Desktop/titan/dev/ARM_GC~1/133167~1.3RE/bin/../lib/gcc/arm-none-eabi/13.3.1/thumb/v7e-m+fp/hard\libnosys.a(close.o)
 .text          0x00000000        0x0 C:/Users/matin/OneDrive/Desktop/titan/dev/ARM_GC~1/133167~1.3RE/bin/../lib/gcc/arm-none-eabi/13.3.1/thumb/v7e-m+fp/hard\libnosys.a(lseek.o)
 .data          0x00000000        0x0 C:/Users/matin/OneDrive/Desktop/titan/dev/ARM_GC~1/133167~1.3RE/bin/../lib/gcc/arm-none-eabi/13.3.1/thumb/v7e-m+fp/hard\libnosys.a(lseek.o)
 .bss           0x00000000        0x0 C:/Users/matin/OneDrive/Desktop/titan/dev/ARM_GC~1/133167~1.3RE/bin/../lib/gcc/arm-none-eabi/13.3.1/thumb/v7e-m+fp/hard\libnosys.a(lseek.o)
 .text._lseek   0x00000000       0x10 C:/Users/matin/OneDrive/Desktop/titan/dev/ARM_GC~1/133167~1.3RE/bin/../lib/gcc/arm-none-eabi/13.3.1/thumb/v7e-m+fp/hard\libnosys.a(lseek.o)
 .gnu.warning._lseek
                0x00000000        0x0 C:/Users/matin/OneDrive/Desktop/titan/dev/ARM_GC~1/133167~1.3RE/bin/../lib/gcc/arm-none-eabi/13.3.1/thumb/v7e-m+fp/hard\libnosys.a(lseek.o)
 .debug_frame   0x00000000       0x20 C:/Users/matin/OneDrive/Desktop/titan/dev/ARM_GC~1/133167~1.3RE/bin/../lib/gcc/arm-none-eabi/13.3.1/thumb/v7e-m+fp/hard\libnosys.a(lseek.o)
 .ARM.attributes
                0x00000000       0x34 C:/Users/matin/OneDrive/Desktop/titan/dev/ARM_GC~1/133167~1.3RE/bin/../lib/gcc/arm-none-eabi/13.3.1/thumb/v7e-m+fp/hard\libnosys.a(lseek.o)
 .text          0x00000000        0x0 C:/Users/matin/OneDrive/Desktop/titan/dev/ARM_GC~1/133167~1.3RE/bin/../lib/gcc/arm-none-eabi/13.3.1/thumb/v7e-m+fp/hard\libnosys.a(read.o)
 .data          0x00000000        0x0 C:/Users/matin/OneDrive/Desktop/titan/dev/ARM_GC~1/133167~1.3RE/bin/../lib/gcc/arm-none-eabi/13.3.1/thumb/v7e-m+fp/hard\libnosys.a(read.o)
 .bss           0x00000000        0x0 C:/Users/matin/OneDrive/Desktop/titan/dev/ARM_GC~1/133167~1.3RE/bin/../lib/gcc/arm-none-eabi/13.3.1/thumb/v7e-m+fp/hard\libnosys.a(read.o)
 .text._read    0x00000000       0x10 C:/Users/matin/OneDrive/Desktop/titan/dev/ARM_GC~1/133167~1.3RE/bin/../lib/gcc/arm-none-eabi/13.3.1/thumb/v7e-m+fp/hard\libnosys.a(read.o)
 .gnu.warning._read
                0x00000000        0x0 C:/Users/matin/OneDrive/Desktop/titan/dev/ARM_GC~1/133167~1.3RE/bin/../lib/gcc/arm-none-eabi/13.3.1/thumb/v7e-m+fp/hard\libnosys.a(read.o)
 .debug_frame   0x00000000       0x20 C:/Users/matin/OneDrive/Desktop/titan/dev/ARM_GC~1/133167~1.3RE/bin/../lib/gcc/arm-none-eabi/13.3.1/thumb/v7e-m+fp/hard\libnosys.a(read.o)
 .ARM.attributes
                0x00000000       0x34 C:/Users/matin/OneDrive/Desktop/titan/dev/ARM_GC~1/133167~1.3RE/bin/../lib/gcc/arm-none-eabi/13.3.1/thumb/v7e-m+fp/hard\libnosys.a(read.o)
 .text          0x00000000        0x0 C:/Users/matin/OneDrive/Desktop/titan/dev/ARM_GC~1/133167~1.3RE/bin/../lib/gcc/arm-none-eabi/13.3.1/thumb/v7e-m+fp/hard\libnosys.a(sbrk.o)
 .data          0x00000000        0x0 C:/Users/matin/OneDrive/Desktop/titan/dev/ARM_GC~1/133167~1.3RE/bin/../lib/gcc/arm-none-eabi/13.3.1/thumb/v7e-m+fp/hard\libnosys.a(sbrk.o)
 .bss           0x00000000        0x0 C:/Users/matin/OneDrive/Desktop/titan/dev/ARM_GC~1/133167~1.3RE/bin/../lib/gcc/arm-none-eabi/13.3.1/thumb/v7e-m+fp/hard\libnosys.a(sbrk.o)
 .text._sbrk    0x00000000       0x1c C:/Users/matin/OneDrive/Desktop/titan/dev/ARM_GC~1/133167~1.3RE/bin/../lib/gcc/arm-none-eabi/13.3.1/thumb/v7e-m+fp/hard\libnosys.a(sbrk.o)
 .bss.heap_end.0
                0x00000000        0x4 C:/Users/matin/OneDrive/Desktop/titan/dev/ARM_GC~1/133167~1.3RE/bin/../lib/gcc/arm-none-eabi/13.3.1/thumb/v7e-m+fp/hard\libnosys.a(sbrk.o)
 .debug_frame   0x00000000       0x20 C:/Users/matin/OneDrive/Desktop/titan/dev/ARM_GC~1/133167~1.3RE/bin/../lib/gcc/arm-none-eabi/13.3.1/thumb/v7e-m+fp/hard\libnosys.a(sbrk.o)
 .ARM.attributes
                0x00000000       0x34 C:/Users/matin/OneDrive/Desktop/titan/dev/ARM_GC~1/133167~1.3RE/bin/../lib/gcc/arm-none-eabi/13.3.1/thumb/v7e-m+fp/hard\libnosys.a(sbrk.o)
 .text          0x00000000        0x0 C:/Users/matin/OneDrive/Desktop/titan/dev/ARM_GC~1/133167~1.3RE/bin/../lib/gcc/arm-none-eabi/13.3.1/thumb/v7e-m+fp/hard\libnosys.a(write.o)
 .data          0x00000000        0x0 C:/Users/matin/OneDrive/Desktop/titan/dev/ARM_GC~1/133167~1.3RE/bin/../lib/gcc/arm-none-eabi/13.3.1/thumb/v7e-m+fp/hard\libnosys.a(write.o)
 .bss           0x00000000        0x0 C:/Users/matin/OneDrive/Desktop/titan/dev/ARM_GC~1/133167~1.3RE/bin/../lib/gcc/arm-none-eabi/13.3.1/thumb/v7e-m+fp/hard\libnosys.a(write.o)
 .text._write   0x00000000       0x10 C:/Users/matin/OneDrive/Desktop/titan/dev/ARM_GC~1/133167~1.3RE/bin/../lib/gcc/arm-none-eabi/13.3.1/thumb/v7e-m+fp/hard\libnosys.a(write.o)
 .gnu.warning._write
                0x00000000        0x0 C:/Users/matin/OneDrive/Desktop/titan/dev/ARM_GC~1/133167~1.3RE/bin/../lib/gcc/arm-none-eabi/13.3.1/thumb/v7e-m+fp/hard\libnosys.a(write.o)
 .debug_frame   0x00000000       0x20 C:/Users/matin/OneDrive/Desktop/titan/dev/ARM_GC~1/133167~1.3RE/bin/../lib/gcc/arm-none-eabi/13.3.1/thumb/v7e-m+fp/hard\libnosys.a(write.o)
 .ARM.attributes
                0x00000000       0x34 C:/Users/matin/OneDrive/Desktop/titan/dev/ARM_GC~1/133167~1.3RE/bin/../lib/gcc/arm-none-eabi/13.3.1/thumb/v7e-m+fp/hard\libnosys.a(write.o)
 .text          0x00000000        0x0 C:/Users/matin/OneDrive/Desktop/titan/dev/ARM_GC~1/133167~1.3RE/bin/../lib/gcc/arm-none-eabi/13.3.1/thumb/v7e-m+fp/hard\libnosys.a(_exit.o)
 .data          0x00000000        0x0 C:/Users/matin/OneDrive/Desktop/titan/dev/ARM_GC~1/133167~1.3RE/bin/../lib/gcc/arm-none-eabi/13.3.1/thumb/v7e-m+fp/hard\libnosys.a(_exit.o)
 .bss           0x00000000        0x0 C:/Users/matin/OneDrive/Desktop/titan/dev/ARM_GC~1/133167~1.3RE/bin/../lib/gcc/arm-none-eabi/13.3.1/thumb/v7e-m+fp/hard\libnosys.a(_exit.o)
 .text._exit    0x00000000        0x4 C:/Users/matin/OneDrive/Desktop/titan/dev/ARM_GC~1/133167~1.3RE/bin/../lib/gcc/arm-none-eabi/13.3.1/thumb/v7e-m+fp/hard\libnosys.a(_exit.o)
 .debug_frame   0x00000000       0x20 C:/Users/matin/OneDrive/Desktop/titan/dev/ARM_GC~1/133167~1.3RE/bin/../lib/gcc/arm-none-eabi/13.3.1/thumb/v7e-m+fp/hard\libnosys.a(_exit.o)
 .ARM.attributes
                0x00000000       0x34 C:/Users/matin/OneDrive/Desktop/titan/dev/ARM_GC~1/133167~1.3RE/bin/../lib/gcc/arm-none-eabi/13.3.1/thumb/v7e-m+fp/hard\libnosys.a(_exit.o)
 .group         0x00000000        0xc CMakeFiles/titan.elf.dir/test/main.c.obj
 .group         0x00000000        0xc CMakeFiles/titan.elf.dir/test/main.c.obj
 .group         0x00000000        0xc CMakeFiles/titan.elf.dir/test/main.c.obj
 .group         0x00000000        0xc CMakeFiles/titan.elf.dir/test/main.c.obj
 .group         0x00000000        0xc CMakeFiles/titan.elf.dir/test/main.c.obj
 .group         0x00000000        0xc CMakeFiles/titan.elf.dir/test/main.c.obj
 .group         0x00000000        0xc CMakeFiles/titan.elf.dir/test/main.c.obj
 .group         0x00000000        0xc CMakeFiles/titan.elf.dir/test/main.c.obj
 .group         0x00000000        0xc CMakeFiles/titan.elf.dir/test/main.c.obj
 .group         0x00000000        0xc CMakeFiles/titan.elf.dir/test/main.c.obj
 .group         0x00000000        0xc CMakeFiles/titan.elf.dir/test/main.c.obj
 .group         0x00000000        0xc CMakeFiles/titan.elf.dir/test/main.c.obj
 .group         0x00000000        0xc CMakeFiles/titan.elf.dir/test/main.c.obj
 .group         0x00000000        0xc CMakeFiles/titan.elf.dir/test/main.c.obj
 .group         0x00000000        0xc CMakeFiles/titan.elf.dir/test/main.c.obj
 .group         0x00000000        0xc CMakeFiles/titan.elf.dir/test/main.c.obj
 .group         0x00000000        0xc CMakeFiles/titan.elf.dir/test/main.c.obj
 .text          0x00000000        0x0 CMakeFiles/titan.elf.dir/test/main.c.obj
 .data          0x00000000        0x0 CMakeFiles/titan.elf.dir/test/main.c.obj
 .bss           0x00000000        0x0 CMakeFiles/titan.elf.dir/test/main.c.obj
 .text.startup  0x00000000        0x4 CMakeFiles/titan.elf.dir/test/main.c.obj
 .debug_info    0x00000000       0xa3 CMakeFiles/titan.elf.dir/test/main.c.obj
 .debug_abbrev  0x00000000       0x47 CMakeFiles/titan.elf.dir/test/main.c.obj
 .debug_aranges
                0x00000000       0x20 CMakeFiles/titan.elf.dir/test/main.c.obj
 .debug_rnglists
                0x00000000       0x13 CMakeFiles/titan.elf.dir/test/main.c.obj
 .debug_macro   0x00000000       0xd3 CMakeFiles/titan.elf.dir/test/main.c.obj
 .debug_macro   0x00000000      0xad8 CMakeFiles/titan.elf.dir/test/main.c.obj
 .debug_macro   0x00000000       0x22 CMakeFiles/titan.elf.dir/test/main.c.obj
 .debug_macro   0x00000000       0x75 CMakeFiles/titan.elf.dir/test/main.c.obj
 .debug_macro   0x00000000       0x2a CMakeFiles/titan.elf.dir/test/main.c.obj
 .debug_macro   0x00000000       0x94 CMakeFiles/titan.elf.dir/test/main.c.obj
 .debug_macro   0x00000000       0x3c CMakeFiles/titan.elf.dir/test/main.c.obj
 .debug_macro   0x00000000       0x34 CMakeFiles/titan.elf.dir/test/main.c.obj
 .debug_macro   0x00000000      0x190 CMakeFiles/titan.elf.dir/test/main.c.obj
 .debug_macro   0x00000000       0x57 CMakeFiles/titan.elf.dir/test/main.c.obj
 .debug_macro   0x00000000      0x370 CMakeFiles/titan.elf.dir/test/main.c.obj
 .debug_macro   0x00000000       0x16 CMakeFiles/titan.elf.dir/test/main.c.obj
 .debug_macro   0x00000000       0x4a CMakeFiles/titan.elf.dir/test/main.c.obj
 .debug_macro   0x00000000       0x34 CMakeFiles/titan.elf.dir/test/main.c.obj
 .debug_macro   0x00000000       0x10 CMakeFiles/titan.elf.dir/test/main.c.obj
 .debug_macro   0x00000000       0x58 CMakeFiles/titan.elf.dir/test/main.c.obj
 .debug_macro   0x00000000      0x1e5 CMakeFiles/titan.elf.dir/test/main.c.obj
 .debug_macro   0x00000000      0x19b CMakeFiles/titan.elf.dir/test/main.c.obj
 .debug_line    0x00000000      0x28f CMakeFiles/titan.elf.dir/test/main.c.obj
 .debug_str     0x00000000     0x6931 CMakeFiles/titan.elf.dir/test/main.c.obj
 .comment       0x00000000       0x46 CMakeFiles/titan.elf.dir/test/main.c.obj
 .debug_frame   0x00000000       0x20 CMakeFiles/titan.elf.dir/test/main.c.obj
 .ARM.attributes
                0x00000000       0x34 CMakeFiles/titan.elf.dir/test/main.c.obj
 .text          0x00000000        0x0 C:/Users/matin/OneDrive/Desktop/titan/dev/ARM_GC~1/133167~1.3RE/bin/../lib/gcc/arm-none-eabi/13.3.1/thumb/v7e-m+fp/hard/crtend.o
 .data          0x00000000        0x0 C:/Users/matin/OneDrive/Desktop/titan/dev/ARM_GC~1/133167~1.3RE/bin/../lib/gcc/arm-none-eabi/13.3.1/thumb/v7e-m+fp/hard/crtend.o
 .bss           0x00000000        0x0 C:/Users/matin/OneDrive/Desktop/titan/dev/ARM_GC~1/133167~1.3RE/bin/../lib/gcc/arm-none-eabi/13.3.1/thumb/v7e-m+fp/hard/crtend.o
 .rodata.all_implied_fbits
                0x00000000       0x24 C:/Users/matin/OneDrive/Desktop/titan/dev/ARM_GC~1/133167~1.3RE/bin/../lib/gcc/arm-none-eabi/13.3.1/thumb/v7e-m+fp/hard/crtend.o
 .text          0x00000000        0x0 C:/Users/matin/OneDrive/Desktop/titan/dev/ARM_GC~1/133167~1.3RE/bin/../lib/gcc/arm-none-eabi/13.3.1/thumb/v7e-m+fp/hard/crtn.o
 .data          0x00000000        0x0 C:/Users/matin/OneDrive/Desktop/titan/dev/ARM_GC~1/133167~1.3RE/bin/../lib/gcc/arm-none-eabi/13.3.1/thumb/v7e-m+fp/hard/crtn.o
 .bss           0x00000000        0x0 C:/Users/matin/OneDrive/Desktop/titan/dev/ARM_GC~1/133167~1.3RE/bin/../lib/gcc/arm-none-eabi/13.3.1/thumb/v7e-m+fp/hard/crtn.o

Memory Configuration

Name             Origin             Length             Attributes
FLASH            0x00000000         0x00040000         xr
RAM              0x20000000         0x00020000         xrw
*default*        0x00000000         0xffffffff

Linker script and memory map

LOAD C:/Users/matin/OneDrive/Desktop/titan/dev/ARM_GC~1/133167~1.3RE/bin/../lib/gcc/arm-none-eabi/13.3.1/thumb/v7e-m+fp/hard/crti.o
LOAD C:/Users/matin/OneDrive/Desktop/titan/dev/ARM_GC~1/133167~1.3RE/bin/../lib/gcc/arm-none-eabi/13.3.1/thumb/v7e-m+fp/hard/crtbegin.o
LOAD C:/Users/matin/OneDrive/Desktop/titan/dev/ARM_GC~1/133167~1.3RE/bin/../lib/gcc/arm-none-eabi/13.3.1/thumb/v7e-m+fp/hard/crt0.o
LOAD C:/Users/matin/OneDrive/Desktop/titan/dev/ARM_GC~1/133167~1.3RE/bin/../lib/gcc/arm-none-eabi/13.3.1/thumb/v7e-m+fp/hard\libc_nano.a
LOAD C:/Users/matin/OneDrive/Desktop/titan/dev/ARM_GC~1/133167~1.3RE/bin/../lib/gcc/arm-none-eabi/13.3.1/thumb/v7e-m+fp/hard\libm.a
LOAD C:/Users/matin/OneDrive/Desktop/titan/dev/ARM_GC~1/133167~1.3RE/bin/../lib/gcc/arm-none-eabi/13.3.1/thumb/v7e-m+fp/hard\libnosys.a
LOAD CMakeFiles/titan.elf.dir/test/main.c.obj
START GROUP
LOAD C:/Users/matin/OneDrive/Desktop/titan/dev/ARM_GC~1/133167~1.3RE/bin/../lib/gcc/arm-none-eabi/13.3.1/thumb/v7e-m+fp/hard\libgcc.a
LOAD C:/Users/matin/OneDrive/Desktop/titan/dev/ARM_GC~1/133167~1.3RE/bin/../lib/gcc/arm-none-eabi/13.3.1/thumb/v7e-m+fp/hard\libg_nano.a
LOAD C:/Users/matin/OneDrive/Desktop/titan/dev/ARM_GC~1/133167~1.3RE/bin/../lib/gcc/arm-none-eabi/13.3.1/thumb/v7e-m+fp/hard\libc_nano.a
END GROUP
START GROUP
LOAD C:/Users/matin/OneDrive/Desktop/titan/dev/ARM_GC~1/133167~1.3RE/bin/../lib/gcc/arm-none-eabi/13.3.1/thumb/v7e-m+fp/hard\libgcc.a
LOAD C:/Users/matin/OneDrive/Desktop/titan/dev/ARM_GC~1/133167~1.3RE/bin/../lib/gcc/arm-none-eabi/13.3.1/thumb/v7e-m+fp/hard\libc_nano.a
END GROUP
LOAD C:/Users/matin/OneDrive/Desktop/titan/dev/ARM_GC~1/133167~1.3RE/bin/../lib/gcc/arm-none-eabi/13.3.1/thumb/v7e-m+fp/hard/crtend.o
LOAD C:/Users/matin/OneDrive/Desktop/titan/dev/ARM_GC~1/133167~1.3RE/bin/../lib/gcc/arm-none-eabi/13.3.1/thumb/v7e-m+fp/hard/crtn.o
                0x00000000                        __ROM_BASE = 0x0
                0x00040000                        __ROM_SIZE = 0x40000
                0x20000000                        __RAM_BASE = 0x20000000
                0x00020000                        __RAM_SIZE = 0x20000
                0x00000400                        __STACK_SIZE = 0x400
                0x00000c00                        __HEAP_SIZE = 0xc00

.text           0x00000000       0xa8
 *(.vectors)
 *(.text*)
 .text.deregister_tm_clones
                0x00000000       0x1c C:/Users/matin/OneDrive/Desktop/titan/dev/ARM_GC~1/133167~1.3RE/bin/../lib/gcc/arm-none-eabi/13.3.1/thumb/v7e-m+fp/hard/crtbegin.o
 .text.register_tm_clones
                0x0000001c       0x24 C:/Users/matin/OneDrive/Desktop/titan/dev/ARM_GC~1/133167~1.3RE/bin/../lib/gcc/arm-none-eabi/13.3.1/thumb/v7e-m+fp/hard/crtbegin.o
 .text.__do_global_dtors_aux
                0x00000040       0x28 C:/Users/matin/OneDrive/Desktop/titan/dev/ARM_GC~1/133167~1.3RE/bin/../lib/gcc/arm-none-eabi/13.3.1/thumb/v7e-m+fp/hard/crtbegin.o
 .text.frame_dummy
                0x00000068       0x24 C:/Users/matin/OneDrive/Desktop/titan/dev/ARM_GC~1/133167~1.3RE/bin/../lib/gcc/arm-none-eabi/13.3.1/thumb/v7e-m+fp/hard/crtbegin.o
 *(.init)
 .init          0x0000008c        0x4 C:/Users/matin/OneDrive/Desktop/titan/dev/ARM_GC~1/133167~1.3RE/bin/../lib/gcc/arm-none-eabi/13.3.1/thumb/v7e-m+fp/hard/crti.o
                0x0000008c                _init
 .init          0x00000090        0x8 C:/Users/matin/OneDrive/Desktop/titan/dev/ARM_GC~1/133167~1.3RE/bin/../lib/gcc/arm-none-eabi/13.3.1/thumb/v7e-m+fp/hard/crtn.o
 *(.fini)
 .fini          0x00000098        0x4 C:/Users/matin/OneDrive/Desktop/titan/dev/ARM_GC~1/133167~1.3RE/bin/../lib/gcc/arm-none-eabi/13.3.1/thumb/v7e-m+fp/hard/crti.o
                0x00000098                _fini
 .fini          0x0000009c        0x8 C:/Users/matin/OneDrive/Desktop/titan/dev/ARM_GC~1/133167~1.3RE/bin/../lib/gcc/arm-none-eabi/13.3.1/thumb/v7e-m+fp/hard/crtn.o
 *crtbegin.o(.ctors)
 *crtbegin?.o(.ctors)
 *(EXCLUDE_FILE(*crtend.o *crtend?.o) .ctors)
 *(SORT_BY_NAME(.ctors.*))
 *(.ctors)
 *crtbegin.o(.dtors)
 *crtbegin?.o(.dtors)
 *(EXCLUDE_FILE(*crtend.o *crtend?.o) .dtors)
 *(SORT_BY_NAME(.dtors.*))
 *(.dtors)
 *(.rodata*)
 *(.eh_frame*)
 .eh_frame      0x000000a4        0x0 C:/Users/matin/OneDrive/Desktop/titan/dev/ARM_GC~1/133167~1.3RE/bin/../lib/gcc/arm-none-eabi/13.3.1/thumb/v7e-m+fp/hard/crtbegin.o
 .eh_frame      0x000000a4        0x4 C:/Users/matin/OneDrive/Desktop/titan/dev/ARM_GC~1/133167~1.3RE/bin/../lib/gcc/arm-none-eabi/13.3.1/thumb/v7e-m+fp/hard/crtend.o

.glue_7         0x000000a8        0x0
 .glue_7        0x000000a8        0x0 linker stubs

.glue_7t        0x000000a8        0x0
 .glue_7t       0x000000a8        0x0 linker stubs

.vfp11_veneer   0x000000a8        0x0
 .vfp11_veneer  0x000000a8        0x0 linker stubs

.v4_bx          0x000000a8        0x0
 .v4_bx         0x000000a8        0x0 linker stubs

.iplt           0x000000a8        0x0
 .iplt          0x000000a8        0x0 C:/Users/matin/OneDrive/Desktop/titan/dev/ARM_GC~1/133167~1.3RE/bin/../lib/gcc/arm-none-eabi/13.3.1/thumb/v7e-m+fp/hard/crtbegin.o

.rel.dyn        0x000000a8        0x0
 .rel.iplt      0x000000a8        0x0 C:/Users/matin/OneDrive/Desktop/titan/dev/ARM_GC~1/133167~1.3RE/bin/../lib/gcc/arm-none-eabi/13.3.1/thumb/v7e-m+fp/hard/crtbegin.o

.ARM.extab
 *(.ARM.extab* .gnu.linkonce.armextab.*)
                0x000000a8                        __exidx_start = .

.ARM.exidx
 *(.ARM.exidx* .gnu.linkonce.armexidx.*)
                0x000000a8                        __exidx_end = .

.copy.table     0x000000a8        0xc
                0x000000a8                        . = ALIGN (0x4)
                0x000000a8                        __copy_table_start__ = .
                0x000000a8        0x4 LONG 0xb4 __etext
                0x000000ac        0x4 LONG 0x20000000 __data_start__
                0x000000b0        0x4 LONG 0x2 ((__data_end__ - __data_start__) / 0x4)
                0x000000b4                        __copy_table_end__ = .

.zero.table     0x000000b4        0x0
                0x000000b4                        . = ALIGN (0x4)
                0x000000b4                        __zero_table_start__ = .
                0x000000b4                        __zero_table_end__ = .
                0x000000b4                        __etext = ALIGN (0x4)

.data           0x20000000        0x8 load address 0x000000b4
                0x20000000                        __data_start__ = .
 *(vtable)
 *(.data)
 *(.data.*)
                0x20000000                        . = ALIGN (0x4)
                0x20000000                        PROVIDE (__preinit_array_start = .)
 *(.preinit_array)
                0x20000000                        PROVIDE (__preinit_array_end = .)
                0x20000000                        . = ALIGN (0x4)
                0x20000000                        PROVIDE (__init_array_start = .)
 *(SORT_BY_NAME(.init_array.*))
 *(.init_array)
 .init_array    0x20000000        0x4 C:/Users/matin/OneDrive/Desktop/titan/dev/ARM_GC~1/133167~1.3RE/bin/../lib/gcc/arm-none-eabi/13.3.1/thumb/v7e-m+fp/hard/crtbegin.o
                0x20000004                        PROVIDE (__init_array_end = .)
                0x20000004                        . = ALIGN (0x4)
                [!provide]                        PROVIDE (__fini_array_start = .)
 *(SORT_BY_NAME(.fini_array.*))
 *(.fini_array)
 .fini_array    0x20000004        0x4 C:/Users/matin/OneDrive/Desktop/titan/dev/ARM_GC~1/133167~1.3RE/bin/../lib/gcc/arm-none-eabi/13.3.1/thumb/v7e-m+fp/hard/crtbegin.o
                [!provide]                        PROVIDE (__fini_array_end = .)
 *(.jcr*)
                0x20000008                        . = ALIGN (0x4)
                0x20000008                        __data_end__ = .

.tm_clone_table
                0x20000008        0x0 load address 0x000000bc
 .tm_clone_table
                0x20000008        0x0 C:/Users/matin/OneDrive/Desktop/titan/dev/ARM_GC~1/133167~1.3RE/bin/../lib/gcc/arm-none-eabi/13.3.1/thumb/v7e-m+fp/hard/crtbegin.o
 .tm_clone_table
                0x20000008        0x0 C:/Users/matin/OneDrive/Desktop/titan/dev/ARM_GC~1/133167~1.3RE/bin/../lib/gcc/arm-none-eabi/13.3.1/thumb/v7e-m+fp/hard/crtend.o

.igot.plt       0x20000008        0x0 load address 0x000000bc
 .igot.plt      0x20000008        0x0 C:/Users/matin/OneDrive/Desktop/titan/dev/ARM_GC~1/133167~1.3RE/bin/../lib/gcc/arm-none-eabi/13.3.1/thumb/v7e-m+fp/hard/crtbegin.o

.bss            0x20000008       0x1c
                0x20000008                        . = ALIGN (0x4)
                0x20000008                        __bss_start__ = .
 *(.bss)
 *(.bss.*)
 .bss.completed.1
                0x20000008        0x1 C:/Users/matin/OneDrive/Desktop/titan/dev/ARM_GC~1/133167~1.3RE/bin/../lib/gcc/arm-none-eabi/13.3.1/thumb/v7e-m+fp/hard/crtbegin.o
 *fill*         0x20000009        0x3 
 .bss.object.0  0x2000000c       0x18 C:/Users/matin/OneDrive/Desktop/titan/dev/ARM_GC~1/133167~1.3RE/bin/../lib/gcc/arm-none-eabi/13.3.1/thumb/v7e-m+fp/hard/crtbegin.o
 *(COMMON)
                0x20000024                        . = ALIGN (0x4)
                0x20000024                        __bss_end__ = .

.heap           0x20000024      0xc04
                0x20000028                        . = ALIGN (0x8)
 *fill*         0x20000024        0x4 
                0x20000028                        __end__ = .
                0x20000028                        PROVIDE (end = .)
                0x20000c28                        . = (. + __HEAP_SIZE)
 *fill*         0x20000028      0xc00 
                0x20000c28                        . = ALIGN (0x8)
                0x20000c28                        __HeapLimit = .

.stack          0x2001fc00      0x400
                0x2001fc00                        . = ALIGN (0x8)
                0x2001fc00                        __StackLimit = .
                0x20020000                        . = (. + __STACK_SIZE)
 *fill*         0x2001fc00      0x400 
                0x20020000                        . = ALIGN (0x8)
                0x20020000                        __StackTop = .
                0x20020000                        PROVIDE (__stack = __StackTop)
                0x00000001                        ASSERT ((__StackLimit >= __HeapLimit), region RAM overflowed with stack)
OUTPUT(titan.elf elf32-littlearm)
LOAD linker stubs

.ARM.attributes
                0x00000000       0x30
 .ARM.attributes
                0x00000000       0x22 C:/Users/matin/OneDrive/Desktop/titan/dev/ARM_GC~1/133167~1.3RE/bin/../lib/gcc/arm-none-eabi/13.3.1/thumb/v7e-m+fp/hard/crti.o
 .ARM.attributes
                0x00000022       0x34 C:/Users/matin/OneDrive/Desktop/titan/dev/ARM_GC~1/133167~1.3RE/bin/../lib/gcc/arm-none-eabi/13.3.1/thumb/v7e-m+fp/hard/crtbegin.o
 .ARM.attributes
                0x00000056       0x34 C:/Users/matin/OneDrive/Desktop/titan/dev/ARM_GC~1/133167~1.3RE/bin/../lib/gcc/arm-none-eabi/13.3.1/thumb/v7e-m+fp/hard/crtend.o
 .ARM.attributes
                0x0000008a       0x22 C:/Users/matin/OneDrive/Desktop/titan/dev/ARM_GC~1/133167~1.3RE/bin/../lib/gcc/arm-none-eabi/13.3.1/thumb/v7e-m+fp/hard/crtn.o

Cross Reference Table

Symbol                                            File
_ITM_deregisterTMCloneTable                       C:/Users/matin/OneDrive/Desktop/titan/dev/ARM_GC~1/133167~1.3RE/bin/../lib/gcc/arm-none-eabi/13.3.1/thumb/v7e-m+fp/hard/crtbegin.o
_ITM_registerTMCloneTable                         C:/Users/matin/OneDrive/Desktop/titan/dev/ARM_GC~1/133167~1.3RE/bin/../lib/gcc/arm-none-eabi/13.3.1/thumb/v7e-m+fp/hard/crtbegin.o
__TMC_END__                                       C:/Users/matin/OneDrive/Desktop/titan/dev/ARM_GC~1/133167~1.3RE/bin/../lib/gcc/arm-none-eabi/13.3.1/thumb/v7e-m+fp/hard/crtend.o
                                                  C:/Users/matin/OneDrive/Desktop/titan/dev/ARM_GC~1/133167~1.3RE/bin/../lib/gcc/arm-none-eabi/13.3.1/thumb/v7e-m+fp/hard/crtbegin.o
__bss_end__                                       C:/Users/matin/OneDrive/Desktop/titan/dev/ARM_GC~1/133167~1.3RE/bin/../lib/gcc/arm-none-eabi/13.3.1/thumb/v7e-m+fp/hard/crt0.o
__bss_start__                                     C:/Users/matin/OneDrive/Desktop/titan/dev/ARM_GC~1/133167~1.3RE/bin/../lib/gcc/arm-none-eabi/13.3.1/thumb/v7e-m+fp/hard/crt0.o
__call_exitprocs                                  C:/Users/matin/OneDrive/Desktop/titan/dev/ARM_GC~1/133167~1.3RE/bin/../lib/gcc/arm-none-eabi/13.3.1/thumb/v7e-m+fp/hard\libc_nano.a(libc_a-exit.o)
__deregister_frame_info                           C:/Users/matin/OneDrive/Desktop/titan/dev/ARM_GC~1/133167~1.3RE/bin/../lib/gcc/arm-none-eabi/13.3.1/thumb/v7e-m+fp/hard/crtbegin.o
__dso_handle                                      C:/Users/matin/OneDrive/Desktop/titan/dev/ARM_GC~1/133167~1.3RE/bin/../lib/gcc/arm-none-eabi/13.3.1/thumb/v7e-m+fp/hard/crtbegin.o
__fp_lock_all                                     C:/Users/matin/OneDrive/Desktop/titan/dev/ARM_GC~1/133167~1.3RE/bin/../lib/gcc/arm-none-eabi/13.3.1/thumb/v7e-m+fp/hard\libc_nano.a(libc_a-findfp.o)
__fp_unlock_all                                   C:/Users/matin/OneDrive/Desktop/titan/dev/ARM_GC~1/133167~1.3RE/bin/../lib/gcc/arm-none-eabi/13.3.1/thumb/v7e-m+fp/hard\libc_nano.a(libc_a-findfp.o)
__init_array_end                                  C:/Users/matin/OneDrive/Desktop/titan/dev/ARM_GC~1/133167~1.3RE/bin/../lib/gcc/arm-none-eabi/13.3.1/thumb/v7e-m+fp/hard\libc_nano.a(libc_a-init.o)
__init_array_start                                C:/Users/matin/OneDrive/Desktop/titan/dev/ARM_GC~1/133167~1.3RE/bin/../lib/gcc/arm-none-eabi/13.3.1/thumb/v7e-m+fp/hard\libc_nano.a(libc_a-init.o)
__libc_fini_array                                 C:/Users/matin/OneDrive/Desktop/titan/dev/ARM_GC~1/133167~1.3RE/bin/../lib/gcc/arm-none-eabi/13.3.1/thumb/v7e-m+fp/hard/crt0.o
__libc_init_array                                 C:/Users/matin/OneDrive/Desktop/titan/dev/ARM_GC~1/133167~1.3RE/bin/../lib/gcc/arm-none-eabi/13.3.1/thumb/v7e-m+fp/hard\libc_nano.a(libc_a-init.o)
                                                  C:/Users/matin/OneDrive/Desktop/titan/dev/ARM_GC~1/133167~1.3RE/bin/../lib/gcc/arm-none-eabi/13.3.1/thumb/v7e-m+fp/hard/crt0.o
__lock___arc4random_mutex                         C:/Users/matin/OneDrive/Desktop/titan/dev/ARM_GC~1/133167~1.3RE/bin/../lib/gcc/arm-none-eabi/13.3.1/thumb/v7e-m+fp/hard\libc_nano.a(libc_a-lock.o)
__lock___at_quick_exit_mutex                      C:/Users/matin/OneDrive/Desktop/titan/dev/ARM_GC~1/133167~1.3RE/bin/../lib/gcc/arm-none-eabi/13.3.1/thumb/v7e-m+fp/hard\libc_nano.a(libc_a-lock.o)
__lock___atexit_recursive_mutex                   C:/Users/matin/OneDrive/Desktop/titan/dev/ARM_GC~1/133167~1.3RE/bin/../lib/gcc/arm-none-eabi/13.3.1/thumb/v7e-m+fp/hard\libc_nano.a(libc_a-lock.o)
__lock___dd_hash_mutex                            C:/Users/matin/OneDrive/Desktop/titan/dev/ARM_GC~1/133167~1.3RE/bin/../lib/gcc/arm-none-eabi/13.3.1/thumb/v7e-m+fp/hard\libc_nano.a(libc_a-lock.o)
__lock___env_recursive_mutex                      C:/Users/matin/OneDrive/Desktop/titan/dev/ARM_GC~1/133167~1.3RE/bin/../lib/gcc/arm-none-eabi/13.3.1/thumb/v7e-m+fp/hard\libc_nano.a(libc_a-lock.o)
__lock___malloc_recursive_mutex                   C:/Users/matin/OneDrive/Desktop/titan/dev/ARM_GC~1/133167~1.3RE/bin/../lib/gcc/arm-none-eabi/13.3.1/thumb/v7e-m+fp/hard\libc_nano.a(libc_a-lock.o)
                                                  C:/Users/matin/OneDrive/Desktop/titan/dev/ARM_GC~1/133167~1.3RE/bin/../lib/gcc/arm-none-eabi/13.3.1/thumb/v7e-m+fp/hard\libc_nano.a(libc_a-mlock.o)
__lock___sfp_recursive_mutex                      C:/Users/matin/OneDrive/Desktop/titan/dev/ARM_GC~1/133167~1.3RE/bin/../lib/gcc/arm-none-eabi/13.3.1/thumb/v7e-m+fp/hard\libc_nano.a(libc_a-lock.o)
                                                  C:/Users/matin/OneDrive/Desktop/titan/dev/ARM_GC~1/133167~1.3RE/bin/../lib/gcc/arm-none-eabi/13.3.1/thumb/v7e-m+fp/hard\libc_nano.a(libc_a-findfp.o)
__lock___tz_mutex                                 C:/Users/matin/OneDrive/Desktop/titan/dev/ARM_GC~1/133167~1.3RE/bin/../lib/gcc/arm-none-eabi/13.3.1/thumb/v7e-m+fp/hard\libc_nano.a(libc_a-lock.o)
__malloc_free_list                                C:/Users/matin/OneDrive/Desktop/titan/dev/ARM_GC~1/133167~1.3RE/bin/../lib/gcc/arm-none-eabi/13.3.1/thumb/v7e-m+fp/hard\libc_nano.a(libc_a-mallocr.o)
                                                  C:/Users/matin/OneDrive/Desktop/titan/dev/ARM_GC~1/133167~1.3RE/bin/../lib/gcc/arm-none-eabi/13.3.1/thumb/v7e-m+fp/hard\libc_nano.a(libc_a-freer.o)
__malloc_lock                                     C:/Users/matin/OneDrive/Desktop/titan/dev/ARM_GC~1/133167~1.3RE/bin/../lib/gcc/arm-none-eabi/13.3.1/thumb/v7e-m+fp/hard\libc_nano.a(libc_a-mlock.o)
                                                  C:/Users/matin/OneDrive/Desktop/titan/dev/ARM_GC~1/133167~1.3RE/bin/../lib/gcc/arm-none-eabi/13.3.1/thumb/v7e-m+fp/hard\libc_nano.a(libc_a-mallocr.o)
                                                  C:/Users/matin/OneDrive/Desktop/titan/dev/ARM_GC~1/133167~1.3RE/bin/../lib/gcc/arm-none-eabi/13.3.1/thumb/v7e-m+fp/hard\libc_nano.a(libc_a-freer.o)
__malloc_sbrk_start                               C:/Users/matin/OneDrive/Desktop/titan/dev/ARM_GC~1/133167~1.3RE/bin/../lib/gcc/arm-none-eabi/13.3.1/thumb/v7e-m+fp/hard\libc_nano.a(libc_a-mallocr.o)
__malloc_unlock                                   C:/Users/matin/OneDrive/Desktop/titan/dev/ARM_GC~1/133167~1.3RE/bin/../lib/gcc/arm-none-eabi/13.3.1/thumb/v7e-m+fp/hard\libc_nano.a(libc_a-mlock.o)
                                                  C:/Users/matin/OneDrive/Desktop/titan/dev/ARM_GC~1/133167~1.3RE/bin/../lib/gcc/arm-none-eabi/13.3.1/thumb/v7e-m+fp/hard\libc_nano.a(libc_a-mallocr.o)
                                                  C:/Users/matin/OneDrive/Desktop/titan/dev/ARM_GC~1/133167~1.3RE/bin/../lib/gcc/arm-none-eabi/13.3.1/thumb/v7e-m+fp/hard\libc_nano.a(libc_a-freer.o)
__preinit_array_end                               C:/Users/matin/OneDrive/Desktop/titan/dev/ARM_GC~1/133167~1.3RE/bin/../lib/gcc/arm-none-eabi/13.3.1/thumb/v7e-m+fp/hard\libc_nano.a(libc_a-init.o)
__preinit_array_start                             C:/Users/matin/OneDrive/Desktop/titan/dev/ARM_GC~1/133167~1.3RE/bin/../lib/gcc/arm-none-eabi/13.3.1/thumb/v7e-m+fp/hard\libc_nano.a(libc_a-init.o)
__register_frame_info                             C:/Users/matin/OneDrive/Desktop/titan/dev/ARM_GC~1/133167~1.3RE/bin/../lib/gcc/arm-none-eabi/13.3.1/thumb/v7e-m+fp/hard/crtbegin.o
__retarget_lock_acquire                           C:/Users/matin/OneDrive/Desktop/titan/dev/ARM_GC~1/133167~1.3RE/bin/../lib/gcc/arm-none-eabi/13.3.1/thumb/v7e-m+fp/hard\libc_nano.a(libc_a-lock.o)
__retarget_lock_acquire_recursive                 C:/Users/matin/OneDrive/Desktop/titan/dev/ARM_GC~1/133167~1.3RE/bin/../lib/gcc/arm-none-eabi/13.3.1/thumb/v7e-m+fp/hard\libc_nano.a(libc_a-lock.o)
                                                  C:/Users/matin/OneDrive/Desktop/titan/dev/ARM_GC~1/133167~1.3RE/bin/../lib/gcc/arm-none-eabi/13.3.1/thumb/v7e-m+fp/hard\libc_nano.a(libc_a-fflush.o)
                                                  C:/Users/matin/OneDrive/Desktop/titan/dev/ARM_GC~1/133167~1.3RE/bin/../lib/gcc/arm-none-eabi/13.3.1/thumb/v7e-m+fp/hard\libc_nano.a(libc_a-mlock.o)
                                                  C:/Users/matin/OneDrive/Desktop/titan/dev/ARM_GC~1/133167~1.3RE/bin/../lib/gcc/arm-none-eabi/13.3.1/thumb/v7e-m+fp/hard\libc_nano.a(libc_a-findfp.o)
__retarget_lock_close                             C:/Users/matin/OneDrive/Desktop/titan/dev/ARM_GC~1/133167~1.3RE/bin/../lib/gcc/arm-none-eabi/13.3.1/thumb/v7e-m+fp/hard\libc_nano.a(libc_a-lock.o)
__retarget_lock_close_recursive                   C:/Users/matin/OneDrive/Desktop/titan/dev/ARM_GC~1/133167~1.3RE/bin/../lib/gcc/arm-none-eabi/13.3.1/thumb/v7e-m+fp/hard\libc_nano.a(libc_a-lock.o)
__retarget_lock_init                              C:/Users/matin/OneDrive/Desktop/titan/dev/ARM_GC~1/133167~1.3RE/bin/../lib/gcc/arm-none-eabi/13.3.1/thumb/v7e-m+fp/hard\libc_nano.a(libc_a-lock.o)
__retarget_lock_init_recursive                    C:/Users/matin/OneDrive/Desktop/titan/dev/ARM_GC~1/133167~1.3RE/bin/../lib/gcc/arm-none-eabi/13.3.1/thumb/v7e-m+fp/hard\libc_nano.a(libc_a-lock.o)
                                                  C:/Users/matin/OneDrive/Desktop/titan/dev/ARM_GC~1/133167~1.3RE/bin/../lib/gcc/arm-none-eabi/13.3.1/thumb/v7e-m+fp/hard\libc_nano.a(libc_a-findfp.o)
__retarget_lock_release                           C:/Users/matin/OneDrive/Desktop/titan/dev/ARM_GC~1/133167~1.3RE/bin/../lib/gcc/arm-none-eabi/13.3.1/thumb/v7e-m+fp/hard\libc_nano.a(libc_a-lock.o)
__retarget_lock_release_recursive                 C:/Users/matin/OneDrive/Desktop/titan/dev/ARM_GC~1/133167~1.3RE/bin/../lib/gcc/arm-none-eabi/13.3.1/thumb/v7e-m+fp/hard\libc_nano.a(libc_a-lock.o)
                                                  C:/Users/matin/OneDrive/Desktop/titan/dev/ARM_GC~1/133167~1.3RE/bin/../lib/gcc/arm-none-eabi/13.3.1/thumb/v7e-m+fp/hard\libc_nano.a(libc_a-fflush.o)
                                                  C:/Users/matin/OneDrive/Desktop/titan/dev/ARM_GC~1/133167~1.3RE/bin/../lib/gcc/arm-none-eabi/13.3.1/thumb/v7e-m+fp/hard\libc_nano.a(libc_a-mlock.o)
                                                  C:/Users/matin/OneDrive/Desktop/titan/dev/ARM_GC~1/133167~1.3RE/bin/../lib/gcc/arm-none-eabi/13.3.1/thumb/v7e-m+fp/hard\libc_nano.a(libc_a-findfp.o)
__retarget_lock_try_acquire                       C:/Users/matin/OneDrive/Desktop/titan/dev/ARM_GC~1/133167~1.3RE/bin/../lib/gcc/arm-none-eabi/13.3.1/thumb/v7e-m+fp/hard\libc_nano.a(libc_a-lock.o)
__retarget_lock_try_acquire_recursive             C:/Users/matin/OneDrive/Desktop/titan/dev/ARM_GC~1/133167~1.3RE/bin/../lib/gcc/arm-none-eabi/13.3.1/thumb/v7e-m+fp/hard\libc_nano.a(libc_a-lock.o)
__sclose                                          C:/Users/matin/OneDrive/Desktop/titan/dev/ARM_GC~1/133167~1.3RE/bin/../lib/gcc/arm-none-eabi/13.3.1/thumb/v7e-m+fp/hard\libc_nano.a(libc_a-stdio.o)
                                                  C:/Users/matin/OneDrive/Desktop/titan/dev/ARM_GC~1/133167~1.3RE/bin/../lib/gcc/arm-none-eabi/13.3.1/thumb/v7e-m+fp/hard\libc_nano.a(libc_a-findfp.o)
__seofread                                        C:/Users/matin/OneDrive/Desktop/titan/dev/ARM_GC~1/133167~1.3RE/bin/../lib/gcc/arm-none-eabi/13.3.1/thumb/v7e-m+fp/hard\libc_nano.a(libc_a-stdio.o)
__sf                                              C:/Users/matin/OneDrive/Desktop/titan/dev/ARM_GC~1/133167~1.3RE/bin/../lib/gcc/arm-none-eabi/13.3.1/thumb/v7e-m+fp/hard\libc_nano.a(libc_a-findfp.o)
                                                  C:/Users/matin/OneDrive/Desktop/titan/dev/ARM_GC~1/133167~1.3RE/bin/../lib/gcc/arm-none-eabi/13.3.1/thumb/v7e-m+fp/hard\libc_nano.a(libc_a-impure.o)
__sflush_r                                        C:/Users/matin/OneDrive/Desktop/titan/dev/ARM_GC~1/133167~1.3RE/bin/../lib/gcc/arm-none-eabi/13.3.1/thumb/v7e-m+fp/hard\libc_nano.a(libc_a-fflush.o)
__sfp                                             C:/Users/matin/OneDrive/Desktop/titan/dev/ARM_GC~1/133167~1.3RE/bin/../lib/gcc/arm-none-eabi/13.3.1/thumb/v7e-m+fp/hard\libc_nano.a(libc_a-findfp.o)
__sfp_lock_acquire                                C:/Users/matin/OneDrive/Desktop/titan/dev/ARM_GC~1/133167~1.3RE/bin/../lib/gcc/arm-none-eabi/13.3.1/thumb/v7e-m+fp/hard\libc_nano.a(libc_a-findfp.o)
__sfp_lock_release                                C:/Users/matin/OneDrive/Desktop/titan/dev/ARM_GC~1/133167~1.3RE/bin/../lib/gcc/arm-none-eabi/13.3.1/thumb/v7e-m+fp/hard\libc_nano.a(libc_a-findfp.o)
__sglue                                           C:/Users/matin/OneDrive/Desktop/titan/dev/ARM_GC~1/133167~1.3RE/bin/../lib/gcc/arm-none-eabi/13.3.1/thumb/v7e-m+fp/hard\libc_nano.a(libc_a-findfp.o)
                                                  C:/Users/matin/OneDrive/Desktop/titan/dev/ARM_GC~1/133167~1.3RE/bin/../lib/gcc/arm-none-eabi/13.3.1/thumb/v7e-m+fp/hard\libc_nano.a(libc_a-fflush.o)
__sinit                                           C:/Users/matin/OneDrive/Desktop/titan/dev/ARM_GC~1/133167~1.3RE/bin/../lib/gcc/arm-none-eabi/13.3.1/thumb/v7e-m+fp/hard\libc_nano.a(libc_a-findfp.o)
                                                  C:/Users/matin/OneDrive/Desktop/titan/dev/ARM_GC~1/133167~1.3RE/bin/../lib/gcc/arm-none-eabi/13.3.1/thumb/v7e-m+fp/hard\libc_nano.a(libc_a-fflush.o)
__sread                                           C:/Users/matin/OneDrive/Desktop/titan/dev/ARM_GC~1/133167~1.3RE/bin/../lib/gcc/arm-none-eabi/13.3.1/thumb/v7e-m+fp/hard\libc_nano.a(libc_a-stdio.o)
                                                  C:/Users/matin/OneDrive/Desktop/titan/dev/ARM_GC~1/133167~1.3RE/bin/../lib/gcc/arm-none-eabi/13.3.1/thumb/v7e-m+fp/hard\libc_nano.a(libc_a-findfp.o)
__sseek                                           C:/Users/matin/OneDrive/Desktop/titan/dev/ARM_GC~1/133167~1.3RE/bin/../lib/gcc/arm-none-eabi/13.3.1/thumb/v7e-m+fp/hard\libc_nano.a(libc_a-stdio.o)
                                                  C:/Users/matin/OneDrive/Desktop/titan/dev/ARM_GC~1/133167~1.3RE/bin/../lib/gcc/arm-none-eabi/13.3.1/thumb/v7e-m+fp/hard\libc_nano.a(libc_a-findfp.o)
__stack                                           C:/Users/matin/OneDrive/Desktop/titan/dev/ARM_GC~1/133167~1.3RE/bin/../lib/gcc/arm-none-eabi/13.3.1/thumb/v7e-m+fp/hard/crt0.o
__stdio_exit_handler                              C:/Users/matin/OneDrive/Desktop/titan/dev/ARM_GC~1/133167~1.3RE/bin/../lib/gcc/arm-none-eabi/13.3.1/thumb/v7e-m+fp/hard\libc_nano.a(libc_a-findfp.o)
                                                  C:/Users/matin/OneDrive/Desktop/titan/dev/ARM_GC~1/133167~1.3RE/bin/../lib/gcc/arm-none-eabi/13.3.1/thumb/v7e-m+fp/hard\libc_nano.a(libc_a-exit.o)
__swrite                                          C:/Users/matin/OneDrive/Desktop/titan/dev/ARM_GC~1/133167~1.3RE/bin/../lib/gcc/arm-none-eabi/13.3.1/thumb/v7e-m+fp/hard\libc_nano.a(libc_a-stdio.o)
                                                  C:/Users/matin/OneDrive/Desktop/titan/dev/ARM_GC~1/133167~1.3RE/bin/../lib/gcc/arm-none-eabi/13.3.1/thumb/v7e-m+fp/hard\libc_nano.a(libc_a-findfp.o)
_close                                            C:/Users/matin/OneDrive/Desktop/titan/dev/ARM_GC~1/133167~1.3RE/bin/../lib/gcc/arm-none-eabi/13.3.1/thumb/v7e-m+fp/hard\libnosys.a(close.o)
                                                  C:/Users/matin/OneDrive/Desktop/titan/dev/ARM_GC~1/133167~1.3RE/bin/../lib/gcc/arm-none-eabi/13.3.1/thumb/v7e-m+fp/hard\libc_nano.a(libc_a-closer.o)
_close_r                                          C:/Users/matin/OneDrive/Desktop/titan/dev/ARM_GC~1/133167~1.3RE/bin/../lib/gcc/arm-none-eabi/13.3.1/thumb/v7e-m+fp/hard\libc_nano.a(libc_a-closer.o)
                                                  C:/Users/matin/OneDrive/Desktop/titan/dev/ARM_GC~1/133167~1.3RE/bin/../lib/gcc/arm-none-eabi/13.3.1/thumb/v7e-m+fp/hard\libc_nano.a(libc_a-stdio.o)
_exit                                             C:/Users/matin/OneDrive/Desktop/titan/dev/ARM_GC~1/133167~1.3RE/bin/../lib/gcc/arm-none-eabi/13.3.1/thumb/v7e-m+fp/hard\libnosys.a(_exit.o)
                                                  C:/Users/matin/OneDrive/Desktop/titan/dev/ARM_GC~1/133167~1.3RE/bin/../lib/gcc/arm-none-eabi/13.3.1/thumb/v7e-m+fp/hard\libc_nano.a(libc_a-exit.o)
_fflush_r                                         C:/Users/matin/OneDrive/Desktop/titan/dev/ARM_GC~1/133167~1.3RE/bin/../lib/gcc/arm-none-eabi/13.3.1/thumb/v7e-m+fp/hard\libc_nano.a(libc_a-fflush.o)
                                                  C:/Users/matin/OneDrive/Desktop/titan/dev/ARM_GC~1/133167~1.3RE/bin/../lib/gcc/arm-none-eabi/13.3.1/thumb/v7e-m+fp/hard\libc_nano.a(libc_a-findfp.o)
_fini                                             C:/Users/matin/OneDrive/Desktop/titan/dev/ARM_GC~1/133167~1.3RE/bin/../lib/gcc/arm-none-eabi/13.3.1/thumb/v7e-m+fp/hard/crti.o
_free_r                                           C:/Users/matin/OneDrive/Desktop/titan/dev/ARM_GC~1/133167~1.3RE/bin/../lib/gcc/arm-none-eabi/13.3.1/thumb/v7e-m+fp/hard\libc_nano.a(libc_a-freer.o)
                                                  C:/Users/matin/OneDrive/Desktop/titan/dev/ARM_GC~1/133167~1.3RE/bin/../lib/gcc/arm-none-eabi/13.3.1/thumb/v7e-m+fp/hard\libc_nano.a(libc_a-fflush.o)
                                                  C:/Users/matin/OneDrive/Desktop/titan/dev/ARM_GC~1/133167~1.3RE/bin/../lib/gcc/arm-none-eabi/13.3.1/thumb/v7e-m+fp/hard\libc_nano.a(libc_a-reent.o)
_fwalk_sglue                                      C:/Users/matin/OneDrive/Desktop/titan/dev/ARM_GC~1/133167~1.3RE/bin/../lib/gcc/arm-none-eabi/13.3.1/thumb/v7e-m+fp/hard\libc_nano.a(libc_a-fwalk.o)
                                                  C:/Users/matin/OneDrive/Desktop/titan/dev/ARM_GC~1/133167~1.3RE/bin/../lib/gcc/arm-none-eabi/13.3.1/thumb/v7e-m+fp/hard\libc_nano.a(libc_a-fflush.o)
                                                  C:/Users/matin/OneDrive/Desktop/titan/dev/ARM_GC~1/133167~1.3RE/bin/../lib/gcc/arm-none-eabi/13.3.1/thumb/v7e-m+fp/hard\libc_nano.a(libc_a-findfp.o)
_impure_data                                      C:/Users/matin/OneDrive/Desktop/titan/dev/ARM_GC~1/133167~1.3RE/bin/../lib/gcc/arm-none-eabi/13.3.1/thumb/v7e-m+fp/hard\libc_nano.a(libc_a-impure.o)
                                                  C:/Users/matin/OneDrive/Desktop/titan/dev/ARM_GC~1/133167~1.3RE/bin/../lib/gcc/arm-none-eabi/13.3.1/thumb/v7e-m+fp/hard\libc_nano.a(libc_a-fflush.o)
                                                  C:/Users/matin/OneDrive/Desktop/titan/dev/ARM_GC~1/133167~1.3RE/bin/../lib/gcc/arm-none-eabi/13.3.1/thumb/v7e-m+fp/hard\libc_nano.a(libc_a-findfp.o)
_impure_ptr                                       C:/Users/matin/OneDrive/Desktop/titan/dev/ARM_GC~1/133167~1.3RE/bin/../lib/gcc/arm-none-eabi/13.3.1/thumb/v7e-m+fp/hard\libc_nano.a(libc_a-impure.o)
                                                  C:/Users/matin/OneDrive/Desktop/titan/dev/ARM_GC~1/133167~1.3RE/bin/../lib/gcc/arm-none-eabi/13.3.1/thumb/v7e-m+fp/hard\libc_nano.a(libc_a-fflush.o)
                                                  C:/Users/matin/OneDrive/Desktop/titan/dev/ARM_GC~1/133167~1.3RE/bin/../lib/gcc/arm-none-eabi/13.3.1/thumb/v7e-m+fp/hard\libc_nano.a(libc_a-reent.o)
_init                                             C:/Users/matin/OneDrive/Desktop/titan/dev/ARM_GC~1/133167~1.3RE/bin/../lib/gcc/arm-none-eabi/13.3.1/thumb/v7e-m+fp/hard/crti.o
                                                  C:/Users/matin/OneDrive/Desktop/titan/dev/ARM_GC~1/133167~1.3RE/bin/../lib/gcc/arm-none-eabi/13.3.1/thumb/v7e-m+fp/hard\libc_nano.a(libc_a-init.o)
_lseek                                            C:/Users/matin/OneDrive/Desktop/titan/dev/ARM_GC~1/133167~1.3RE/bin/../lib/gcc/arm-none-eabi/13.3.1/thumb/v7e-m+fp/hard\libnosys.a(lseek.o)
                                                  C:/Users/matin/OneDrive/Desktop/titan/dev/ARM_GC~1/133167~1.3RE/bin/../lib/gcc/arm-none-eabi/13.3.1/thumb/v7e-m+fp/hard\libc_nano.a(libc_a-lseekr.o)
_lseek_r                                          C:/Users/matin/OneDrive/Desktop/titan/dev/ARM_GC~1/133167~1.3RE/bin/../lib/gcc/arm-none-eabi/13.3.1/thumb/v7e-m+fp/hard\libc_nano.a(libc_a-lseekr.o)
                                                  C:/Users/matin/OneDrive/Desktop/titan/dev/ARM_GC~1/133167~1.3RE/bin/../lib/gcc/arm-none-eabi/13.3.1/thumb/v7e-m+fp/hard\libc_nano.a(libc_a-stdio.o)
_mainCRTStartup                                   C:/Users/matin/OneDrive/Desktop/titan/dev/ARM_GC~1/133167~1.3RE/bin/../lib/gcc/arm-none-eabi/13.3.1/thumb/v7e-m+fp/hard/crt0.o
_malloc_r                                         C:/Users/matin/OneDrive/Desktop/titan/dev/ARM_GC~1/133167~1.3RE/bin/../lib/gcc/arm-none-eabi/13.3.1/thumb/v7e-m+fp/hard\libc_nano.a(libc_a-mallocr.o)
                                                  C:/Users/matin/OneDrive/Desktop/titan/dev/ARM_GC~1/133167~1.3RE/bin/../lib/gcc/arm-none-eabi/13.3.1/thumb/v7e-m+fp/hard\libc_nano.a(libc_a-findfp.o)
_read                                             C:/Users/matin/OneDrive/Desktop/titan/dev/ARM_GC~1/133167~1.3RE/bin/../lib/gcc/arm-none-eabi/13.3.1/thumb/v7e-m+fp/hard\libnosys.a(read.o)
                                                  C:/Users/matin/OneDrive/Desktop/titan/dev/ARM_GC~1/133167~1.3RE/bin/../lib/gcc/arm-none-eabi/13.3.1/thumb/v7e-m+fp/hard\libc_nano.a(libc_a-readr.o)
_read_r                                           C:/Users/matin/OneDrive/Desktop/titan/dev/ARM_GC~1/133167~1.3RE/bin/../lib/gcc/arm-none-eabi/13.3.1/thumb/v7e-m+fp/hard\libc_nano.a(libc_a-readr.o)
                                                  C:/Users/matin/OneDrive/Desktop/titan/dev/ARM_GC~1/133167~1.3RE/bin/../lib/gcc/arm-none-eabi/13.3.1/thumb/v7e-m+fp/hard\libc_nano.a(libc_a-stdio.o)
_reclaim_reent                                    C:/Users/matin/OneDrive/Desktop/titan/dev/ARM_GC~1/133167~1.3RE/bin/../lib/gcc/arm-none-eabi/13.3.1/thumb/v7e-m+fp/hard\libc_nano.a(libc_a-reent.o)
_sbrk                                             C:/Users/matin/OneDrive/Desktop/titan/dev/ARM_GC~1/133167~1.3RE/bin/../lib/gcc/arm-none-eabi/13.3.1/thumb/v7e-m+fp/hard\libnosys.a(sbrk.o)
                                                  C:/Users/matin/OneDrive/Desktop/titan/dev/ARM_GC~1/133167~1.3RE/bin/../lib/gcc/arm-none-eabi/13.3.1/thumb/v7e-m+fp/hard\libc_nano.a(libc_a-sbrkr.o)
_sbrk_r                                           C:/Users/matin/OneDrive/Desktop/titan/dev/ARM_GC~1/133167~1.3RE/bin/../lib/gcc/arm-none-eabi/13.3.1/thumb/v7e-m+fp/hard\libc_nano.a(libc_a-sbrkr.o)
                                                  C:/Users/matin/OneDrive/Desktop/titan/dev/ARM_GC~1/133167~1.3RE/bin/../lib/gcc/arm-none-eabi/13.3.1/thumb/v7e-m+fp/hard\libc_nano.a(libc_a-mallocr.o)
_stack_init                                       C:/Users/matin/OneDrive/Desktop/titan/dev/ARM_GC~1/133167~1.3RE/bin/../lib/gcc/arm-none-eabi/13.3.1/thumb/v7e-m+fp/hard/crt0.o
_start                                            C:/Users/matin/OneDrive/Desktop/titan/dev/ARM_GC~1/133167~1.3RE/bin/../lib/gcc/arm-none-eabi/13.3.1/thumb/v7e-m+fp/hard/crt0.o
_write                                            C:/Users/matin/OneDrive/Desktop/titan/dev/ARM_GC~1/133167~1.3RE/bin/../lib/gcc/arm-none-eabi/13.3.1/thumb/v7e-m+fp/hard\libnosys.a(write.o)
                                                  C:/Users/matin/OneDrive/Desktop/titan/dev/ARM_GC~1/133167~1.3RE/bin/../lib/gcc/arm-none-eabi/13.3.1/thumb/v7e-m+fp/hard\libc_nano.a(libc_a-writer.o)
_write_r                                          C:/Users/matin/OneDrive/Desktop/titan/dev/ARM_GC~1/133167~1.3RE/bin/../lib/gcc/arm-none-eabi/13.3.1/thumb/v7e-m+fp/hard\libc_nano.a(libc_a-writer.o)
                                                  C:/Users/matin/OneDrive/Desktop/titan/dev/ARM_GC~1/133167~1.3RE/bin/../lib/gcc/arm-none-eabi/13.3.1/thumb/v7e-m+fp/hard\libc_nano.a(libc_a-stdio.o)
atexit                                            C:/Users/matin/OneDrive/Desktop/titan/dev/ARM_GC~1/133167~1.3RE/bin/../lib/gcc/arm-none-eabi/13.3.1/thumb/v7e-m+fp/hard/crt0.o
end                                               C:/Users/matin/OneDrive/Desktop/titan/dev/ARM_GC~1/133167~1.3RE/bin/../lib/gcc/arm-none-eabi/13.3.1/thumb/v7e-m+fp/hard\libnosys.a(sbrk.o)
errno                                             C:/Users/matin/OneDrive/Desktop/titan/dev/ARM_GC~1/133167~1.3RE/bin/../lib/gcc/arm-none-eabi/13.3.1/thumb/v7e-m+fp/hard\libc_nano.a(libc_a-reent.o)
                                                  C:/Users/matin/OneDrive/Desktop/titan/dev/ARM_GC~1/133167~1.3RE/bin/../lib/gcc/arm-none-eabi/13.3.1/thumb/v7e-m+fp/hard\libnosys.a(write.o)
                                                  C:/Users/matin/OneDrive/Desktop/titan/dev/ARM_GC~1/133167~1.3RE/bin/../lib/gcc/arm-none-eabi/13.3.1/thumb/v7e-m+fp/hard\libnosys.a(read.o)
                                                  C:/Users/matin/OneDrive/Desktop/titan/dev/ARM_GC~1/133167~1.3RE/bin/../lib/gcc/arm-none-eabi/13.3.1/thumb/v7e-m+fp/hard\libnosys.a(lseek.o)
                                                  C:/Users/matin/OneDrive/Desktop/titan/dev/ARM_GC~1/133167~1.3RE/bin/../lib/gcc/arm-none-eabi/13.3.1/thumb/v7e-m+fp/hard\libnosys.a(close.o)
                                                  C:/Users/matin/OneDrive/Desktop/titan/dev/ARM_GC~1/133167~1.3RE/bin/../lib/gcc/arm-none-eabi/13.3.1/thumb/v7e-m+fp/hard\libc_nano.a(libc_a-sbrkr.o)
                                                  C:/Users/matin/OneDrive/Desktop/titan/dev/ARM_GC~1/133167~1.3RE/bin/../lib/gcc/arm-none-eabi/13.3.1/thumb/v7e-m+fp/hard\libc_nano.a(libc_a-writer.o)
                                                  C:/Users/matin/OneDrive/Desktop/titan/dev/ARM_GC~1/133167~1.3RE/bin/../lib/gcc/arm-none-eabi/13.3.1/thumb/v7e-m+fp/hard\libc_nano.a(libc_a-readr.o)
                                                  C:/Users/matin/OneDrive/Desktop/titan/dev/ARM_GC~1/133167~1.3RE/bin/../lib/gcc/arm-none-eabi/13.3.1/thumb/v7e-m+fp/hard\libc_nano.a(libc_a-lseekr.o)
                                                  C:/Users/matin/OneDrive/Desktop/titan/dev/ARM_GC~1/133167~1.3RE/bin/../lib/gcc/arm-none-eabi/13.3.1/thumb/v7e-m+fp/hard\libc_nano.a(libc_a-closer.o)
exit                                              C:/Users/matin/OneDrive/Desktop/titan/dev/ARM_GC~1/133167~1.3RE/bin/../lib/gcc/arm-none-eabi/13.3.1/thumb/v7e-m+fp/hard\libc_nano.a(libc_a-exit.o)
                                                  C:/Users/matin/OneDrive/Desktop/titan/dev/ARM_GC~1/133167~1.3RE/bin/../lib/gcc/arm-none-eabi/13.3.1/thumb/v7e-m+fp/hard/crt0.o
fflush                                            C:/Users/matin/OneDrive/Desktop/titan/dev/ARM_GC~1/133167~1.3RE/bin/../lib/gcc/arm-none-eabi/13.3.1/thumb/v7e-m+fp/hard\libc_nano.a(libc_a-fflush.o)
hardware_init_hook                                C:/Users/matin/OneDrive/Desktop/titan/dev/ARM_GC~1/133167~1.3RE/bin/../lib/gcc/arm-none-eabi/13.3.1/thumb/v7e-m+fp/hard/crt0.o
main                                              CMakeFiles/titan.elf.dir/test/main.c.obj
                                                  C:/Users/matin/OneDrive/Desktop/titan/dev/ARM_GC~1/133167~1.3RE/bin/../lib/gcc/arm-none-eabi/13.3.1/thumb/v7e-m+fp/hard/crt0.o
memset                                            C:/Users/matin/OneDrive/Desktop/titan/dev/ARM_GC~1/133167~1.3RE/bin/../lib/gcc/arm-none-eabi/13.3.1/thumb/v7e-m+fp/hard\libc_nano.a(libc_a-memset.o)
                                                  C:/Users/matin/OneDrive/Desktop/titan/dev/ARM_GC~1/133167~1.3RE/bin/../lib/gcc/arm-none-eabi/13.3.1/thumb/v7e-m+fp/hard\libc_nano.a(libc_a-findfp.o)
                                                  C:/Users/matin/OneDrive/Desktop/titan/dev/ARM_GC~1/133167~1.3RE/bin/../lib/gcc/arm-none-eabi/13.3.1/thumb/v7e-m+fp/hard/crt0.o
software_init_hook                                C:/Users/matin/OneDrive/Desktop/titan/dev/ARM_GC~1/133167~1.3RE/bin/../lib/gcc/arm-none-eabi/13.3.1/thumb/v7e-m+fp/hard/crt0.o
